INFO 2025-06-08 22:56:10,477 services 16240 11820 토큰 검증 시작 - Path: /
INFO 2025-06-08 22:56:10,478 services 16240 11820 홈 페이지 접근 - 토큰 없음
INFO 2025-06-08 22:56:10,776 services 16240 11820 토큰 검증 시작 - Path: /favicon.ico
WARNING 2025-06-08 22:56:10,777 services 16240 11820 액세스 토큰 없음
INFO 2025-06-08 22:56:12,290 services 16240 11820 토큰 검증 시작 - Path: /favicon.ico
WARNING 2025-06-08 22:56:12,290 services 16240 11820 액세스 토큰 없음
INFO 2025-06-08 22:56:17,288 services 16240 24116 토큰 검증 시작 - Path: /
INFO 2025-06-08 22:56:17,289 services 16240 24116 액세스 토큰 유효 - User ID: 11
INFO 2025-06-08 22:56:19,733 services 16240 24116 토큰 검증 시작 - Path: /chatbot/
INFO 2025-06-08 22:56:19,734 services 16240 24116 액세스 토큰 유효 - User ID: 11
INFO 2025-06-08 22:56:19,775 services 16240 24116 토큰 검증 시작 - Path: /chatbot/
INFO 2025-06-08 22:56:19,777 services 16240 24116 액세스 토큰 유효 - User ID: 11
INFO 2025-06-08 22:57:31,918 services 16240 24116 토큰 검증 시작 - Path: /chatbot/
INFO 2025-06-08 22:57:57,888 services 16240 24116 토큰 검증 시작 - Path: /chatbot/
INFO 2025-06-08 22:57:58,529 services 16240 24116 토큰 검증 시작 - Path: /
INFO 2025-06-08 22:57:59,219 services 16240 24116 토큰 검증 시작 - Path: /chatbot/
INFO 2025-06-08 22:59:19,262 services 10644 12164 토큰 검증 시작 - Path: /
INFO 2025-06-08 22:59:19,263 services 10644 12164 액세스 토큰 존재: False
INFO 2025-06-08 22:59:19,263 services 10644 12164 리프레시 토큰 존재: False
INFO 2025-06-08 22:59:19,264 services 10644 12164 홈 페이지 접근 - 토큰 없음
INFO 2025-06-08 22:59:19,560 services 10644 12164 토큰 검증 시작 - Path: /favicon.ico
INFO 2025-06-08 22:59:19,561 services 10644 12164 액세스 토큰 존재: False
INFO 2025-06-08 22:59:19,561 services 10644 12164 리프레시 토큰 존재: False
WARNING 2025-06-08 22:59:19,562 services 10644 12164 액세스 토큰 없음
INFO 2025-06-08 22:59:23,072 services 10644 12164 토큰 검증 시작 - Path: /favicon.ico
INFO 2025-06-08 22:59:23,073 services 10644 12164 액세스 토큰 존재: False
INFO 2025-06-08 22:59:23,073 services 10644 12164 리프레시 토큰 존재: False
WARNING 2025-06-08 22:59:23,074 services 10644 12164 액세스 토큰 없음
INFO 2025-06-08 22:59:25,926 services 10644 11904 토큰 검증 시작 - Path: /
INFO 2025-06-08 22:59:25,926 services 10644 11904 액세스 토큰 존재: True
INFO 2025-06-08 22:59:25,927 services 10644 11904 리프레시 토큰 존재: True
INFO 2025-06-08 22:59:25,927 services 10644 11904 액세스 토큰 유효 - User ID: 11
INFO 2025-06-08 22:59:29,056 services 10644 11904 토큰 검증 시작 - Path: /chatbot/
INFO 2025-06-08 22:59:29,057 services 10644 11904 액세스 토큰 존재: True
INFO 2025-06-08 22:59:29,057 services 10644 11904 리프레시 토큰 존재: True
INFO 2025-06-08 22:59:29,058 services 10644 11904 액세스 토큰 유효 - User ID: 11
INFO 2025-06-08 22:59:29,100 services 10644 11904 토큰 검증 시작 - Path: /chatbot/
INFO 2025-06-08 22:59:29,101 services 10644 11904 액세스 토큰 존재: True
INFO 2025-06-08 22:59:29,102 services 10644 11904 리프레시 토큰 존재: True
INFO 2025-06-08 22:59:29,103 services 10644 11904 액세스 토큰 유효 - User ID: 11
INFO 2025-06-08 22:59:39,748 services 10644 11904 토큰 검증 시작 - Path: /chatbot/
INFO 2025-06-08 22:59:39,749 services 10644 11904 액세스 토큰 존재: True
INFO 2025-06-08 22:59:39,750 services 10644 11904 리프레시 토큰 존재: True
INFO 2025-06-08 22:59:39,751 services 10644 11904 액세스 토큰 유효 - User ID: 11
INFO 2025-06-08 22:59:39,793 services 10644 11904 토큰 검증 시작 - Path: /chatbot/
INFO 2025-06-08 22:59:39,794 services 10644 11904 액세스 토큰 존재: True
INFO 2025-06-08 22:59:39,795 services 10644 11904 리프레시 토큰 존재: True
INFO 2025-06-08 22:59:39,795 services 10644 11904 액세스 토큰 유효 - User ID: 11
INFO 2025-06-08 22:59:40,457 services 10644 11904 토큰 검증 시작 - Path: /chatbot/
INFO 2025-06-08 22:59:40,458 services 10644 11904 액세스 토큰 존재: True
INFO 2025-06-08 22:59:40,458 services 10644 11904 리프레시 토큰 존재: True
INFO 2025-06-08 22:59:40,459 services 10644 11904 액세스 토큰 유효 - User ID: 11
INFO 2025-06-08 22:59:40,500 services 10644 11904 토큰 검증 시작 - Path: /chatbot/
INFO 2025-06-08 22:59:40,501 services 10644 11904 액세스 토큰 존재: True
INFO 2025-06-08 22:59:40,502 services 10644 11904 리프레시 토큰 존재: True
INFO 2025-06-08 22:59:40,502 services 10644 11904 액세스 토큰 유효 - User ID: 11
INFO 2025-06-08 23:00:12,669 services 10644 11904 토큰 검증 시작 - Path: /chatbot/
INFO 2025-06-08 23:00:12,670 services 10644 11904 액세스 토큰 존재: True
INFO 2025-06-08 23:00:12,670 services 10644 11904 리프레시 토큰 존재: True
INFO 2025-06-08 23:00:12,670 services 10644 11904 액세스 토큰 유효 - User ID: 11
INFO 2025-06-08 23:00:12,688 services 10644 11904 토큰 검증 시작 - Path: /chatbot/
INFO 2025-06-08 23:00:12,688 services 10644 11904 액세스 토큰 존재: True
INFO 2025-06-08 23:00:12,688 services 10644 11904 리프레시 토큰 존재: True
INFO 2025-06-08 23:00:12,689 services 10644 11904 액세스 토큰 유효 - User ID: 11
INFO 2025-06-08 23:00:32,264 services 10644 11904 토큰 검증 시작 - Path: /chatbot/
INFO 2025-06-08 23:00:32,265 services 10644 11904 액세스 토큰 존재: True
INFO 2025-06-08 23:00:32,265 services 10644 11904 리프레시 토큰 존재: True
INFO 2025-06-08 23:02:05,194 services 1616 7312 토큰 검증 시작 - Path: /
INFO 2025-06-08 23:02:05,194 services 1616 7312 액세스 토큰 존재: True
INFO 2025-06-08 23:02:05,194 services 1616 7312 리프레시 토큰 존재: True
INFO 2025-06-08 23:02:05,195 services 1616 7312 액세스 토큰 유효 - User ID: 11
INFO 2025-06-08 23:02:41,778 services 1616 7312 토큰 검증 시작 - Path: /chatbot/
INFO 2025-06-08 23:02:41,779 services 1616 7312 액세스 토큰 존재: True
INFO 2025-06-08 23:02:41,779 services 1616 7312 리프레시 토큰 존재: True
INFO 2025-06-08 23:02:41,779 services 1616 7312 액세스 토큰 유효 - User ID: 11
INFO 2025-06-08 23:02:41,819 services 1616 7312 토큰 검증 시작 - Path: /chatbot/
INFO 2025-06-08 23:02:41,820 services 1616 7312 액세스 토큰 존재: True
INFO 2025-06-08 23:02:41,821 services 1616 7312 리프레시 토큰 존재: True
INFO 2025-06-08 23:02:41,821 services 1616 7312 액세스 토큰 유효 - User ID: 11
INFO 2025-06-08 23:03:09,461 services 1616 7312 토큰 검증 시작 - Path: /chatbot/
INFO 2025-06-08 23:03:09,462 services 1616 7312 액세스 토큰 존재: True
INFO 2025-06-08 23:03:09,462 services 1616 7312 리프레시 토큰 존재: True
INFO 2025-06-08 23:03:09,463 services 1616 7312 액세스 토큰 만료됨: Signature has expired
INFO 2025-06-08 23:03:09,463 services 1616 7312 리프레시 토큰 유효 - User ID: 11
INFO 2025-06-08 23:03:09,506 services 1616 7312 새 액세스 토큰 발급 완료 - User ID: 11
INFO 2025-06-08 23:03:09,512 services 1616 7312 토큰 검증 시작 - Path: /chatbot/
INFO 2025-06-08 23:03:09,513 services 1616 7312 액세스 토큰 존재: True
INFO 2025-06-08 23:03:09,514 services 1616 7312 리프레시 토큰 존재: True
INFO 2025-06-08 23:03:09,515 services 1616 7312 액세스 토큰 유효 - User ID: 11
INFO 2025-06-08 23:03:09,568 services 1616 7312 토큰 검증 시작 - Path: /chatbot/
INFO 2025-06-08 23:03:09,569 services 1616 7312 액세스 토큰 존재: True
INFO 2025-06-08 23:03:09,570 services 1616 7312 리프레시 토큰 존재: True
INFO 2025-06-08 23:03:09,570 services 1616 7312 액세스 토큰 유효 - User ID: 11
INFO 2025-06-08 23:03:39,130 services 1616 7312 토큰 검증 시작 - Path: /.well-known/appspecific/com.chrome.devtools.json
INFO 2025-06-08 23:03:39,131 services 1616 7312 액세스 토큰 존재: True
INFO 2025-06-08 23:03:39,131 services 1616 7312 리프레시 토큰 존재: True
INFO 2025-06-08 23:03:39,131 services 1616 7312 액세스 토큰 유효 - User ID: 11
INFO 2025-06-08 23:04:35,401 services 1616 7312 토큰 검증 시작 - Path: /chatbot/
INFO 2025-06-08 23:04:35,401 services 1616 7312 액세스 토큰 존재: True
INFO 2025-06-08 23:04:35,402 services 1616 7312 리프레시 토큰 존재: True
INFO 2025-06-08 23:04:35,403 services 1616 7312 액세스 토큰 만료됨: Signature has expired
INFO 2025-06-08 23:04:35,403 services 1616 7312 리프레시 토큰 유효 - User ID: 11
INFO 2025-06-08 23:04:35,453 services 1616 7312 새 액세스 토큰 발급 완료 - User ID: 11
INFO 2025-06-08 23:04:35,459 services 1616 7312 토큰 검증 시작 - Path: /chatbot/
INFO 2025-06-08 23:04:35,460 services 1616 7312 액세스 토큰 존재: True
INFO 2025-06-08 23:04:35,461 services 1616 7312 리프레시 토큰 존재: True
INFO 2025-06-08 23:04:35,463 services 1616 7312 액세스 토큰 유효 - User ID: 11
INFO 2025-06-08 23:04:35,517 services 1616 7312 토큰 검증 시작 - Path: /chatbot/
INFO 2025-06-08 23:04:35,517 services 1616 7312 액세스 토큰 존재: True
INFO 2025-06-08 23:04:35,518 services 1616 7312 리프레시 토큰 존재: True
INFO 2025-06-08 23:04:35,518 services 1616 7312 액세스 토큰 유효 - User ID: 11
INFO 2025-06-08 23:04:35,560 services 1616 7312 토큰 검증 시작 - Path: /.well-known/appspecific/com.chrome.devtools.json
INFO 2025-06-08 23:04:35,561 services 1616 7312 액세스 토큰 존재: True
INFO 2025-06-08 23:04:35,562 services 1616 7312 리프레시 토큰 존재: True
INFO 2025-06-08 23:04:35,563 services 1616 7312 액세스 토큰 유효 - User ID: 11
INFO 2025-06-08 23:04:36,958 services 1616 7312 토큰 검증 시작 - Path: /chatbot/
INFO 2025-06-08 23:04:36,959 services 1616 7312 액세스 토큰 존재: True
INFO 2025-06-08 23:04:36,959 services 1616 7312 리프레시 토큰 존재: True
INFO 2025-06-08 23:04:36,959 services 1616 7312 액세스 토큰 유효 - User ID: 11
INFO 2025-06-08 23:04:37,002 services 1616 7312 토큰 검증 시작 - Path: /chatbot/
INFO 2025-06-08 23:04:37,002 services 1616 7312 액세스 토큰 존재: True
INFO 2025-06-08 23:04:37,003 services 1616 7312 리프레시 토큰 존재: True
INFO 2025-06-08 23:04:37,004 services 1616 7312 액세스 토큰 유효 - User ID: 11
INFO 2025-06-08 23:04:37,057 services 1616 7312 토큰 검증 시작 - Path: /.well-known/appspecific/com.chrome.devtools.json
INFO 2025-06-08 23:04:37,058 services 1616 7312 액세스 토큰 존재: True
INFO 2025-06-08 23:04:37,059 services 1616 7312 리프레시 토큰 존재: True
INFO 2025-06-08 23:04:37,059 services 1616 7312 액세스 토큰 유효 - User ID: 11
INFO 2025-06-08 23:06:24,282 services 1616 7312 토큰 검증 시작 - Path: /chatbot/
INFO 2025-06-08 23:06:24,282 services 1616 7312 액세스 토큰 존재: True
INFO 2025-06-08 23:06:24,283 services 1616 7312 리프레시 토큰 존재: True
INFO 2025-06-08 23:06:24,284 services 1616 7312 액세스 토큰 만료됨: Signature has expired
INFO 2025-06-08 23:06:24,284 services 1616 7312 리프레시 토큰 유효 - User ID: 11
INFO 2025-06-08 23:06:24,329 services 1616 7312 새 액세스 토큰 발급 완료 - User ID: 11
INFO 2025-06-08 23:06:24,336 services 1616 7312 토큰 검증 시작 - Path: /chatbot/
INFO 2025-06-08 23:06:24,338 services 1616 7312 액세스 토큰 존재: True
INFO 2025-06-08 23:06:24,339 services 1616 7312 리프레시 토큰 존재: True
INFO 2025-06-08 23:06:24,340 services 1616 7312 액세스 토큰 유효 - User ID: 11
INFO 2025-06-08 23:06:24,372 services 1616 7312 토큰 검증 시작 - Path: /chatbot/
INFO 2025-06-08 23:06:24,373 services 1616 7312 액세스 토큰 존재: True
INFO 2025-06-08 23:06:24,373 services 1616 7312 리프레시 토큰 존재: True
INFO 2025-06-08 23:06:24,374 services 1616 7312 액세스 토큰 유효 - User ID: 11
INFO 2025-06-08 23:06:24,446 services 1616 7312 토큰 검증 시작 - Path: /.well-known/appspecific/com.chrome.devtools.json
INFO 2025-06-08 23:06:24,447 services 1616 7312 액세스 토큰 존재: True
INFO 2025-06-08 23:06:24,447 services 1616 7312 리프레시 토큰 존재: True
INFO 2025-06-08 23:06:24,448 services 1616 7312 액세스 토큰 유효 - User ID: 11
INFO 2025-06-08 23:06:27,131 services 1616 7312 토큰 검증 시작 - Path: /chatbot/
INFO 2025-06-08 23:06:27,132 services 1616 7312 액세스 토큰 존재: True
INFO 2025-06-08 23:06:27,133 services 1616 7312 리프레시 토큰 존재: True
INFO 2025-06-08 23:06:27,133 services 1616 7312 액세스 토큰 유효 - User ID: 11
INFO 2025-06-08 23:06:27,163 services 1616 7312 토큰 검증 시작 - Path: /chatbot/
INFO 2025-06-08 23:06:27,164 services 1616 7312 액세스 토큰 존재: True
INFO 2025-06-08 23:06:27,165 services 1616 7312 리프레시 토큰 존재: True
INFO 2025-06-08 23:06:27,166 services 1616 7312 액세스 토큰 유효 - User ID: 11
INFO 2025-06-08 23:06:27,229 services 1616 7312 토큰 검증 시작 - Path: /.well-known/appspecific/com.chrome.devtools.json
INFO 2025-06-08 23:06:27,230 services 1616 7312 액세스 토큰 존재: True
INFO 2025-06-08 23:06:27,230 services 1616 7312 리프레시 토큰 존재: True
INFO 2025-06-08 23:06:27,231 services 1616 7312 액세스 토큰 유효 - User ID: 11
INFO 2025-06-08 23:07:06,515 services 1616 7312 토큰 검증 시작 - Path: /chatbot/
INFO 2025-06-08 23:07:06,515 services 1616 7312 액세스 토큰 존재: True
INFO 2025-06-08 23:07:06,516 services 1616 7312 리프레시 토큰 존재: True
INFO 2025-06-08 23:07:06,517 services 1616 7312 액세스 토큰 유효 - User ID: 11
INFO 2025-06-08 23:07:06,557 services 1616 7312 토큰 검증 시작 - Path: /chatbot/
INFO 2025-06-08 23:07:06,558 services 1616 7312 액세스 토큰 존재: True
INFO 2025-06-08 23:07:06,558 services 1616 7312 리프레시 토큰 존재: True
INFO 2025-06-08 23:07:06,558 services 1616 7312 액세스 토큰 유효 - User ID: 11
INFO 2025-06-08 23:07:06,606 services 1616 7312 토큰 검증 시작 - Path: /.well-known/appspecific/com.chrome.devtools.json
INFO 2025-06-08 23:07:06,607 services 1616 7312 액세스 토큰 존재: True
INFO 2025-06-08 23:07:06,608 services 1616 7312 리프레시 토큰 존재: True
INFO 2025-06-08 23:07:06,609 services 1616 7312 액세스 토큰 유효 - User ID: 11
INFO 2025-06-08 23:07:09,807 services 1616 7312 토큰 검증 시작 - Path: /chatbot/
INFO 2025-06-08 23:07:09,808 services 1616 7312 액세스 토큰 존재: True
INFO 2025-06-08 23:07:09,808 services 1616 7312 리프레시 토큰 존재: True
INFO 2025-06-08 23:07:09,809 services 1616 7312 액세스 토큰 유효 - User ID: 11
INFO 2025-06-08 23:07:09,856 services 1616 7312 토큰 검증 시작 - Path: /chatbot/
INFO 2025-06-08 23:07:09,857 services 1616 7312 액세스 토큰 존재: True
INFO 2025-06-08 23:07:09,857 services 1616 7312 리프레시 토큰 존재: True
INFO 2025-06-08 23:07:09,858 services 1616 7312 액세스 토큰 유효 - User ID: 11
INFO 2025-06-08 23:07:09,930 services 1616 7312 토큰 검증 시작 - Path: /.well-known/appspecific/com.chrome.devtools.json
INFO 2025-06-08 23:07:09,931 services 1616 7312 액세스 토큰 존재: True
INFO 2025-06-08 23:07:09,932 services 1616 7312 리프레시 토큰 존재: True
INFO 2025-06-08 23:07:09,932 services 1616 7312 액세스 토큰 유효 - User ID: 11
INFO 2025-06-08 23:07:13,843 services 1616 7312 토큰 검증 시작 - Path: /chatbot/
INFO 2025-06-08 23:07:13,844 services 1616 7312 액세스 토큰 존재: True
INFO 2025-06-08 23:07:13,844 services 1616 7312 리프레시 토큰 존재: True
INFO 2025-06-08 23:07:13,845 services 1616 7312 액세스 토큰 유효 - User ID: 11
INFO 2025-06-08 23:07:13,900 services 1616 7312 토큰 검증 시작 - Path: /chatbot/
INFO 2025-06-08 23:07:13,900 services 1616 7312 액세스 토큰 존재: True
INFO 2025-06-08 23:07:13,901 services 1616 7312 리프레시 토큰 존재: True
INFO 2025-06-08 23:07:13,902 services 1616 7312 액세스 토큰 유효 - User ID: 11
INFO 2025-06-08 23:07:13,956 services 1616 7312 토큰 검증 시작 - Path: /.well-known/appspecific/com.chrome.devtools.json
INFO 2025-06-08 23:07:13,957 services 1616 7312 액세스 토큰 존재: True
INFO 2025-06-08 23:07:13,957 services 1616 7312 리프레시 토큰 존재: True
INFO 2025-06-08 23:07:13,958 services 1616 7312 액세스 토큰 유효 - User ID: 11
INFO 2025-06-08 23:07:15,044 services 1616 7312 토큰 검증 시작 - Path: /chatbot/
INFO 2025-06-08 23:07:15,045 services 1616 7312 액세스 토큰 존재: True
INFO 2025-06-08 23:07:15,045 services 1616 7312 리프레시 토큰 존재: True
INFO 2025-06-08 23:07:15,046 services 1616 7312 액세스 토큰 유효 - User ID: 11
INFO 2025-06-08 23:07:15,091 services 1616 7312 토큰 검증 시작 - Path: /chatbot/
INFO 2025-06-08 23:07:15,092 services 1616 7312 액세스 토큰 존재: True
INFO 2025-06-08 23:07:15,093 services 1616 7312 리프레시 토큰 존재: True
INFO 2025-06-08 23:07:15,093 services 1616 7312 액세스 토큰 유효 - User ID: 11
INFO 2025-06-08 23:07:15,148 services 1616 7312 토큰 검증 시작 - Path: /.well-known/appspecific/com.chrome.devtools.json
INFO 2025-06-08 23:07:15,149 services 1616 7312 액세스 토큰 존재: True
INFO 2025-06-08 23:07:15,150 services 1616 7312 리프레시 토큰 존재: True
INFO 2025-06-08 23:07:15,151 services 1616 7312 액세스 토큰 유효 - User ID: 11
INFO 2025-06-08 23:07:39,550 services 1616 7312 토큰 검증 시작 - Path: /
INFO 2025-06-08 23:07:39,551 services 1616 7312 액세스 토큰 존재: True
INFO 2025-06-08 23:07:39,551 services 1616 7312 리프레시 토큰 존재: True
INFO 2025-06-08 23:07:39,552 services 1616 7312 액세스 토큰 만료됨: Signature has expired
ERROR 2025-06-08 23:07:39,552 services 1616 7312 리프레시 토큰 만료: Signature has expired
INFO 2025-06-08 23:07:39,623 services 1616 7312 토큰 검증 시작 - Path: /.well-known/appspecific/com.chrome.devtools.json
INFO 2025-06-08 23:07:39,623 services 1616 7312 액세스 토큰 존재: False
INFO 2025-06-08 23:07:39,623 services 1616 7312 리프레시 토큰 존재: False
WARNING 2025-06-08 23:07:39,623 services 1616 7312 액세스 토큰 없음
INFO 2025-06-08 23:07:41,103 services 1616 7312 토큰 검증 시작 - Path: /chatbot/
INFO 2025-06-08 23:07:41,104 services 1616 7312 액세스 토큰 존재: False
INFO 2025-06-08 23:07:41,104 services 1616 7312 리프레시 토큰 존재: False
WARNING 2025-06-08 23:07:41,104 services 1616 7312 액세스 토큰 없음
INFO 2025-06-08 23:07:41,149 services 1616 7312 토큰 검증 시작 - Path: /.well-known/appspecific/com.chrome.devtools.json
INFO 2025-06-08 23:07:41,149 services 1616 7312 액세스 토큰 존재: False
INFO 2025-06-08 23:07:41,150 services 1616 7312 리프레시 토큰 존재: False
WARNING 2025-06-08 23:07:41,150 services 1616 7312 액세스 토큰 없음
INFO 2025-06-08 23:07:42,893 services 1616 7312 토큰 검증 시작 - Path: /chatbot/
INFO 2025-06-08 23:07:42,894 services 1616 7312 액세스 토큰 존재: False
INFO 2025-06-08 23:07:42,895 services 1616 7312 리프레시 토큰 존재: False
WARNING 2025-06-08 23:07:42,895 services 1616 7312 액세스 토큰 없음
INFO 2025-06-08 23:07:42,945 services 1616 7312 토큰 검증 시작 - Path: /.well-known/appspecific/com.chrome.devtools.json
INFO 2025-06-08 23:07:42,946 services 1616 7312 액세스 토큰 존재: False
INFO 2025-06-08 23:07:42,946 services 1616 7312 리프레시 토큰 존재: False
WARNING 2025-06-08 23:07:42,947 services 1616 7312 액세스 토큰 없음
INFO 2025-06-08 23:07:49,860 services 1616 7312 토큰 검증 시작 - Path: /chatbot/
INFO 2025-06-08 23:07:49,860 services 1616 7312 액세스 토큰 존재: False
INFO 2025-06-08 23:07:49,861 services 1616 7312 리프레시 토큰 존재: False
WARNING 2025-06-08 23:07:49,861 services 1616 7312 액세스 토큰 없음
INFO 2025-06-08 23:07:49,901 services 1616 7312 토큰 검증 시작 - Path: /.well-known/appspecific/com.chrome.devtools.json
INFO 2025-06-08 23:07:49,902 services 1616 7312 액세스 토큰 존재: False
INFO 2025-06-08 23:07:49,902 services 1616 7312 리프레시 토큰 존재: False
WARNING 2025-06-08 23:07:49,903 services 1616 7312 액세스 토큰 없음
INFO 2025-06-08 23:08:51,785 services 19660 23004 토큰 검증 시작 - Path: /
INFO 2025-06-08 23:08:51,786 services 19660 23004 액세스 토큰 존재: False
INFO 2025-06-08 23:08:51,787 services 19660 23004 리프레시 토큰 존재: False
INFO 2025-06-08 23:08:51,788 services 19660 23004 홈 페이지 접근 - 토큰 없음
INFO 2025-06-08 23:08:52,082 services 19660 23004 토큰 검증 시작 - Path: /favicon.ico
INFO 2025-06-08 23:08:52,083 services 19660 23004 액세스 토큰 존재: False
INFO 2025-06-08 23:08:52,083 services 19660 23004 리프레시 토큰 존재: False
WARNING 2025-06-08 23:08:52,083 services 19660 23004 액세스 토큰 없음
INFO 2025-06-08 23:08:55,094 services 19660 23004 토큰 검증 시작 - Path: /
INFO 2025-06-08 23:08:55,094 services 19660 23004 액세스 토큰 존재: False
INFO 2025-06-08 23:08:55,094 services 19660 23004 리프레시 토큰 존재: False
INFO 2025-06-08 23:08:55,095 services 19660 23004 홈 페이지 접근 - 토큰 없음
INFO 2025-06-08 23:08:55,168 services 19660 23004 토큰 검증 시작 - Path: /favicon.ico
INFO 2025-06-08 23:08:55,169 services 19660 23004 액세스 토큰 존재: False
INFO 2025-06-08 23:08:55,169 services 19660 23004 리프레시 토큰 존재: False
WARNING 2025-06-08 23:08:55,169 services 19660 23004 액세스 토큰 없음
INFO 2025-06-08 23:09:09,924 services 19660 23004 토큰 검증 시작 - Path: /chatbot/
INFO 2025-06-08 23:09:09,925 services 19660 23004 액세스 토큰 존재: False
INFO 2025-06-08 23:09:09,925 services 19660 23004 리프레시 토큰 존재: False
WARNING 2025-06-08 23:09:09,925 services 19660 23004 액세스 토큰 없음
INFO 2025-06-08 23:09:09,984 services 19660 23004 토큰 검증 시작 - Path: /favicon.ico
INFO 2025-06-08 23:09:09,985 services 19660 23004 액세스 토큰 존재: False
INFO 2025-06-08 23:09:09,985 services 19660 23004 리프레시 토큰 존재: False
WARNING 2025-06-08 23:09:09,985 services 19660 23004 액세스 토큰 없음
INFO 2025-06-08 23:09:14,653 services 19660 18764 토큰 검증 시작 - Path: /
INFO 2025-06-08 23:09:14,654 services 19660 18764 액세스 토큰 존재: True
INFO 2025-06-08 23:09:14,654 services 19660 18764 리프레시 토큰 존재: True
INFO 2025-06-08 23:09:14,655 services 19660 18764 액세스 토큰 유효 - User ID: 11
INFO 2025-06-08 23:09:29,632 services 19660 18764 토큰 검증 시작 - Path: /chatbot/
INFO 2025-06-08 23:09:29,632 services 19660 18764 액세스 토큰 존재: True
INFO 2025-06-08 23:09:29,633 services 19660 18764 리프레시 토큰 존재: True
INFO 2025-06-08 23:09:29,633 services 19660 18764 액세스 토큰 유효 - User ID: 11
INFO 2025-06-08 23:09:29,658 services 19660 18764 토큰 검증 시작 - Path: /chatbot/
INFO 2025-06-08 23:09:29,659 services 19660 18764 액세스 토큰 존재: True
INFO 2025-06-08 23:09:29,659 services 19660 18764 리프레시 토큰 존재: True
INFO 2025-06-08 23:09:29,660 services 19660 18764 액세스 토큰 유효 - User ID: 11
INFO 2025-06-08 23:09:35,702 services 19660 18764 토큰 검증 시작 - Path: /.well-known/appspecific/com.chrome.devtools.json
INFO 2025-06-08 23:09:35,703 services 19660 18764 액세스 토큰 존재: True
INFO 2025-06-08 23:09:35,703 services 19660 18764 리프레시 토큰 존재: True
INFO 2025-06-08 23:09:35,704 services 19660 18764 액세스 토큰 유효 - User ID: 11
INFO 2025-06-08 23:10:23,401 services 19660 18764 토큰 검증 시작 - Path: /chatbot/
INFO 2025-06-08 23:10:23,402 services 19660 18764 액세스 토큰 존재: True
INFO 2025-06-08 23:10:23,402 services 19660 18764 리프레시 토큰 존재: True
INFO 2025-06-08 23:10:23,402 services 19660 18764 액세스 토큰 만료됨: Signature has expired
INFO 2025-06-08 23:10:23,403 services 19660 18764 리프레시 토큰 유효 - User ID: 11
INFO 2025-06-08 23:10:23,437 services 19660 18764 새 액세스 토큰 발급 완료 - User ID: 11
INFO 2025-06-08 23:10:23,440 services 19660 18764 토큰 검증 시작 - Path: /chatbot/
INFO 2025-06-08 23:10:23,441 services 19660 18764 액세스 토큰 존재: True
INFO 2025-06-08 23:10:23,441 services 19660 18764 리프레시 토큰 존재: True
INFO 2025-06-08 23:10:23,442 services 19660 18764 액세스 토큰 유효 - User ID: 11
INFO 2025-06-08 23:10:23,460 services 19660 18764 토큰 검증 시작 - Path: /chatbot/
INFO 2025-06-08 23:10:23,460 services 19660 18764 액세스 토큰 존재: True
INFO 2025-06-08 23:10:23,461 services 19660 18764 리프레시 토큰 존재: True
INFO 2025-06-08 23:10:23,462 services 19660 18764 액세스 토큰 유효 - User ID: 11
INFO 2025-06-08 23:10:23,494 services 19660 18764 토큰 검증 시작 - Path: /.well-known/appspecific/com.chrome.devtools.json
INFO 2025-06-08 23:10:23,495 services 19660 18764 액세스 토큰 존재: True
INFO 2025-06-08 23:10:23,495 services 19660 18764 리프레시 토큰 존재: True
INFO 2025-06-08 23:10:23,496 services 19660 18764 액세스 토큰 유효 - User ID: 11
INFO 2025-06-08 23:10:26,715 services 19660 18764 토큰 검증 시작 - Path: /chatbot/
INFO 2025-06-08 23:10:26,716 services 19660 18764 액세스 토큰 존재: True
INFO 2025-06-08 23:10:26,716 services 19660 18764 리프레시 토큰 존재: True
INFO 2025-06-08 23:10:26,717 services 19660 18764 액세스 토큰 유효 - User ID: 11
INFO 2025-06-08 23:10:26,765 services 19660 18764 토큰 검증 시작 - Path: /chatbot/
INFO 2025-06-08 23:10:26,766 services 19660 18764 액세스 토큰 존재: True
INFO 2025-06-08 23:10:26,766 services 19660 18764 리프레시 토큰 존재: True
INFO 2025-06-08 23:10:26,767 services 19660 18764 액세스 토큰 유효 - User ID: 11
INFO 2025-06-08 23:10:26,819 services 19660 18764 토큰 검증 시작 - Path: /.well-known/appspecific/com.chrome.devtools.json
INFO 2025-06-08 23:10:26,819 services 19660 18764 액세스 토큰 존재: True
INFO 2025-06-08 23:10:26,820 services 19660 18764 리프레시 토큰 존재: True
INFO 2025-06-08 23:10:26,820 services 19660 18764 액세스 토큰 유효 - User ID: 11
INFO 2025-06-08 23:10:38,509 services 19660 18764 토큰 검증 시작 - Path: /chatbot/
INFO 2025-06-08 23:10:38,510 services 19660 18764 액세스 토큰 존재: True
INFO 2025-06-08 23:10:38,510 services 19660 18764 리프레시 토큰 존재: True
INFO 2025-06-08 23:10:38,510 services 19660 18764 액세스 토큰 유효 - User ID: 11
INFO 2025-06-08 23:10:38,552 services 19660 18764 토큰 검증 시작 - Path: /chatbot/
INFO 2025-06-08 23:10:38,552 services 19660 18764 액세스 토큰 존재: True
INFO 2025-06-08 23:10:38,553 services 19660 18764 리프레시 토큰 존재: True
INFO 2025-06-08 23:10:38,554 services 19660 18764 액세스 토큰 유효 - User ID: 11
INFO 2025-06-08 23:10:38,592 services 19660 18764 토큰 검증 시작 - Path: /.well-known/appspecific/com.chrome.devtools.json
INFO 2025-06-08 23:10:38,593 services 19660 18764 액세스 토큰 존재: True
INFO 2025-06-08 23:10:38,593 services 19660 18764 리프레시 토큰 존재: True
INFO 2025-06-08 23:10:38,594 services 19660 18764 액세스 토큰 유효 - User ID: 11
INFO 2025-06-08 23:11:02,359 services 19660 18764 토큰 검증 시작 - Path: /
INFO 2025-06-08 23:11:02,360 services 19660 18764 액세스 토큰 존재: True
INFO 2025-06-08 23:11:02,361 services 19660 18764 리프레시 토큰 존재: True
INFO 2025-06-08 23:11:02,361 services 19660 18764 액세스 토큰 유효 - User ID: 11
INFO 2025-06-08 23:11:02,453 services 19660 18764 토큰 검증 시작 - Path: /.well-known/appspecific/com.chrome.devtools.json
INFO 2025-06-08 23:11:02,453 services 19660 18764 액세스 토큰 존재: True
INFO 2025-06-08 23:11:02,454 services 19660 18764 리프레시 토큰 존재: True
INFO 2025-06-08 23:11:02,454 services 19660 18764 액세스 토큰 유효 - User ID: 11
INFO 2025-06-08 23:11:08,115 services 19660 18764 토큰 검증 시작 - Path: /chatbot/
INFO 2025-06-08 23:11:08,116 services 19660 18764 액세스 토큰 존재: True
INFO 2025-06-08 23:11:08,116 services 19660 18764 리프레시 토큰 존재: True
INFO 2025-06-08 23:11:08,117 services 19660 18764 액세스 토큰 유효 - User ID: 11
INFO 2025-06-08 23:11:08,156 services 19660 18764 토큰 검증 시작 - Path: /chatbot/
INFO 2025-06-08 23:11:08,157 services 19660 18764 액세스 토큰 존재: True
INFO 2025-06-08 23:11:08,158 services 19660 18764 리프레시 토큰 존재: True
INFO 2025-06-08 23:11:08,159 services 19660 18764 액세스 토큰 유효 - User ID: 11
INFO 2025-06-08 23:11:08,210 services 19660 18764 토큰 검증 시작 - Path: /.well-known/appspecific/com.chrome.devtools.json
INFO 2025-06-08 23:11:08,210 services 19660 18764 액세스 토큰 존재: True
INFO 2025-06-08 23:11:08,211 services 19660 18764 리프레시 토큰 존재: True
INFO 2025-06-08 23:11:08,212 services 19660 18764 액세스 토큰 유효 - User ID: 11
INFO 2025-06-08 23:11:11,802 services 19660 18764 토큰 검증 시작 - Path: /
INFO 2025-06-08 23:11:11,803 services 19660 18764 액세스 토큰 존재: True
INFO 2025-06-08 23:11:11,803 services 19660 18764 리프레시 토큰 존재: True
INFO 2025-06-08 23:11:11,804 services 19660 18764 액세스 토큰 유효 - User ID: 11
INFO 2025-06-08 23:11:11,871 services 19660 18764 토큰 검증 시작 - Path: /.well-known/appspecific/com.chrome.devtools.json
INFO 2025-06-08 23:11:11,871 services 19660 18764 액세스 토큰 존재: True
INFO 2025-06-08 23:11:11,872 services 19660 18764 리프레시 토큰 존재: True
INFO 2025-06-08 23:11:11,872 services 19660 18764 액세스 토큰 유효 - User ID: 11
INFO 2025-06-08 23:11:24,684 services 19660 18764 토큰 검증 시작 - Path: /
INFO 2025-06-08 23:11:24,684 services 19660 18764 액세스 토큰 존재: True
INFO 2025-06-08 23:11:24,684 services 19660 18764 리프레시 토큰 존재: True
INFO 2025-06-08 23:11:24,685 services 19660 18764 액세스 토큰 만료됨: Signature has expired
INFO 2025-06-08 23:11:24,685 services 19660 18764 리프레시 토큰 유효 - User ID: 11
INFO 2025-06-08 23:11:24,704 services 19660 18764 새 액세스 토큰 발급 완료 - User ID: 11
INFO 2025-06-08 23:11:24,709 services 19660 18764 토큰 검증 시작 - Path: /
INFO 2025-06-08 23:11:24,709 services 19660 18764 액세스 토큰 존재: True
INFO 2025-06-08 23:11:24,710 services 19660 18764 리프레시 토큰 존재: True
INFO 2025-06-08 23:11:24,710 services 19660 18764 액세스 토큰 유효 - User ID: 11
INFO 2025-06-08 23:11:24,783 services 19660 18764 토큰 검증 시작 - Path: /.well-known/appspecific/com.chrome.devtools.json
INFO 2025-06-08 23:11:24,784 services 19660 18764 액세스 토큰 존재: True
INFO 2025-06-08 23:11:24,784 services 19660 18764 리프레시 토큰 존재: True
INFO 2025-06-08 23:11:24,784 services 19660 18764 액세스 토큰 유효 - User ID: 11
INFO 2025-06-08 23:11:26,214 services 19660 18764 토큰 검증 시작 - Path: /
INFO 2025-06-08 23:11:26,215 services 19660 18764 액세스 토큰 존재: True
INFO 2025-06-08 23:11:26,215 services 19660 18764 리프레시 토큰 존재: True
INFO 2025-06-08 23:11:26,216 services 19660 18764 액세스 토큰 유효 - User ID: 11
INFO 2025-06-08 23:11:26,321 services 19660 18764 토큰 검증 시작 - Path: /.well-known/appspecific/com.chrome.devtools.json
INFO 2025-06-08 23:11:26,322 services 19660 18764 액세스 토큰 존재: True
INFO 2025-06-08 23:11:26,322 services 19660 18764 리프레시 토큰 존재: True
INFO 2025-06-08 23:11:26,323 services 19660 18764 액세스 토큰 유효 - User ID: 11
INFO 2025-06-08 23:11:32,612 services 19660 18764 토큰 검증 시작 - Path: /
INFO 2025-06-08 23:11:32,613 services 19660 18764 액세스 토큰 존재: True
INFO 2025-06-08 23:11:32,614 services 19660 18764 리프레시 토큰 존재: True
INFO 2025-06-08 23:11:32,614 services 19660 18764 액세스 토큰 유효 - User ID: 11
INFO 2025-06-08 23:11:32,673 services 19660 18764 토큰 검증 시작 - Path: /.well-known/appspecific/com.chrome.devtools.json
INFO 2025-06-08 23:11:32,674 services 19660 18764 액세스 토큰 존재: True
INFO 2025-06-08 23:11:32,674 services 19660 18764 리프레시 토큰 존재: True
INFO 2025-06-08 23:11:32,675 services 19660 18764 액세스 토큰 유효 - User ID: 11
INFO 2025-06-08 23:11:49,466 services 19660 18764 토큰 검증 시작 - Path: /chatbot/
INFO 2025-06-08 23:11:49,467 services 19660 18764 액세스 토큰 존재: True
INFO 2025-06-08 23:11:49,467 services 19660 18764 리프레시 토큰 존재: True
INFO 2025-06-08 23:11:49,468 services 19660 18764 액세스 토큰 유효 - User ID: 11
INFO 2025-06-08 23:11:49,511 services 19660 18764 토큰 검증 시작 - Path: /chatbot/
INFO 2025-06-08 23:11:49,512 services 19660 18764 액세스 토큰 존재: True
INFO 2025-06-08 23:11:49,512 services 19660 18764 리프레시 토큰 존재: True
INFO 2025-06-08 23:11:49,513 services 19660 18764 액세스 토큰 유효 - User ID: 11
INFO 2025-06-08 23:11:49,556 services 19660 18764 토큰 검증 시작 - Path: /.well-known/appspecific/com.chrome.devtools.json
INFO 2025-06-08 23:11:49,557 services 19660 18764 액세스 토큰 존재: True
INFO 2025-06-08 23:11:49,557 services 19660 18764 리프레시 토큰 존재: True
INFO 2025-06-08 23:11:49,558 services 19660 18764 액세스 토큰 유효 - User ID: 11
INFO 2025-06-08 23:11:52,916 services 19660 18764 토큰 검증 시작 - Path: /
INFO 2025-06-08 23:11:52,917 services 19660 18764 액세스 토큰 존재: True
INFO 2025-06-08 23:11:52,917 services 19660 18764 리프레시 토큰 존재: True
INFO 2025-06-08 23:11:52,918 services 19660 18764 액세스 토큰 유효 - User ID: 11
INFO 2025-06-08 23:11:53,001 services 19660 18764 토큰 검증 시작 - Path: /.well-known/appspecific/com.chrome.devtools.json
INFO 2025-06-08 23:11:53,002 services 19660 18764 액세스 토큰 존재: True
INFO 2025-06-08 23:11:53,002 services 19660 18764 리프레시 토큰 존재: True
INFO 2025-06-08 23:11:53,003 services 19660 18764 액세스 토큰 유효 - User ID: 11
INFO 2025-06-08 23:11:58,128 services 19660 18764 토큰 검증 시작 - Path: /chatbot/
INFO 2025-06-08 23:11:58,129 services 19660 18764 액세스 토큰 존재: True
INFO 2025-06-08 23:11:58,130 services 19660 18764 리프레시 토큰 존재: True
INFO 2025-06-08 23:11:58,130 services 19660 18764 액세스 토큰 유효 - User ID: 11
INFO 2025-06-08 23:11:58,169 services 19660 18764 토큰 검증 시작 - Path: /chatbot/
INFO 2025-06-08 23:11:58,170 services 19660 18764 액세스 토큰 존재: True
INFO 2025-06-08 23:11:58,171 services 19660 18764 리프레시 토큰 존재: True
INFO 2025-06-08 23:11:58,171 services 19660 18764 액세스 토큰 유효 - User ID: 11
INFO 2025-06-08 23:11:58,227 services 19660 18764 토큰 검증 시작 - Path: /.well-known/appspecific/com.chrome.devtools.json
INFO 2025-06-08 23:11:58,227 services 19660 18764 액세스 토큰 존재: True
INFO 2025-06-08 23:11:58,228 services 19660 18764 리프레시 토큰 존재: True
INFO 2025-06-08 23:11:58,228 services 19660 18764 액세스 토큰 유효 - User ID: 11
INFO 2025-06-08 23:13:43,219 services 21440 23336 토큰 검증 시작 - Path: /
INFO 2025-06-08 23:13:43,220 services 21440 23336 액세스 토큰 존재: False
INFO 2025-06-08 23:13:43,221 services 21440 23336 리프레시 토큰 존재: False
INFO 2025-06-08 23:13:43,221 services 21440 23336 홈 페이지 접근 - 토큰 없음
INFO 2025-06-08 23:13:43,525 services 21440 23336 토큰 검증 시작 - Path: /favicon.ico
INFO 2025-06-08 23:13:43,526 services 21440 23336 액세스 토큰 존재: False
INFO 2025-06-08 23:13:43,526 services 21440 23336 리프레시 토큰 존재: False
WARNING 2025-06-08 23:13:43,527 services 21440 23336 액세스 토큰 없음
INFO 2025-06-08 23:13:46,987 services 21440 23336 토큰 검증 시작 - Path: /favicon.ico
INFO 2025-06-08 23:13:46,988 services 21440 23336 액세스 토큰 존재: False
INFO 2025-06-08 23:13:46,988 services 21440 23336 리프레시 토큰 존재: False
WARNING 2025-06-08 23:13:46,989 services 21440 23336 액세스 토큰 없음
INFO 2025-06-08 23:13:50,274 services 21440 15580 토큰 검증 시작 - Path: /
INFO 2025-06-08 23:13:50,275 services 21440 15580 액세스 토큰 존재: True
INFO 2025-06-08 23:13:50,276 services 21440 15580 리프레시 토큰 존재: True
INFO 2025-06-08 23:13:50,276 services 21440 15580 액세스 토큰 유효 - User ID: 11
INFO 2025-06-08 23:13:55,780 services 21440 15580 토큰 검증 시작 - Path: /.well-known/appspecific/com.chrome.devtools.json
INFO 2025-06-08 23:13:55,781 services 21440 15580 액세스 토큰 존재: True
INFO 2025-06-08 23:13:55,781 services 21440 15580 리프레시 토큰 존재: True
INFO 2025-06-08 23:13:55,782 services 21440 15580 액세스 토큰 유효 - User ID: 11
INFO 2025-06-08 23:14:30,589 services 21440 15580 토큰 검증 시작 - Path: /
INFO 2025-06-08 23:14:30,589 services 21440 15580 액세스 토큰 존재: True
INFO 2025-06-08 23:14:30,590 services 21440 15580 리프레시 토큰 존재: True
INFO 2025-06-08 23:14:30,590 services 21440 15580 액세스 토큰 만료됨: Signature has expired
INFO 2025-06-08 23:14:30,591 services 21440 15580 리프레시 토큰 유효 - User ID: 11
INFO 2025-06-08 23:14:30,635 services 21440 15580 새 액세스 토큰 발급 완료 - User ID: 11
INFO 2025-06-08 23:14:30,639 services 21440 15580 토큰 검증 시작 - Path: /
INFO 2025-06-08 23:14:30,640 services 21440 15580 액세스 토큰 존재: True
INFO 2025-06-08 23:14:30,640 services 21440 15580 리프레시 토큰 존재: True
INFO 2025-06-08 23:14:30,641 services 21440 15580 액세스 토큰 유효 - User ID: 11
INFO 2025-06-08 23:14:30,712 services 21440 15580 토큰 검증 시작 - Path: /.well-known/appspecific/com.chrome.devtools.json
INFO 2025-06-08 23:14:30,712 services 21440 15580 액세스 토큰 존재: True
INFO 2025-06-08 23:14:30,713 services 21440 15580 리프레시 토큰 존재: True
INFO 2025-06-08 23:14:30,713 services 21440 15580 액세스 토큰 유효 - User ID: 11
INFO 2025-06-08 23:14:33,494 services 21440 15580 토큰 검증 시작 - Path: /chatbot/
INFO 2025-06-08 23:14:33,495 services 21440 15580 액세스 토큰 존재: True
INFO 2025-06-08 23:14:33,495 services 21440 15580 리프레시 토큰 존재: True
INFO 2025-06-08 23:14:33,496 services 21440 15580 액세스 토큰 유효 - User ID: 11
INFO 2025-06-08 23:14:33,548 services 21440 15580 토큰 검증 시작 - Path: /chatbot/
INFO 2025-06-08 23:14:33,549 services 21440 15580 액세스 토큰 존재: True
INFO 2025-06-08 23:14:33,550 services 21440 15580 리프레시 토큰 존재: True
INFO 2025-06-08 23:14:33,551 services 21440 15580 액세스 토큰 유효 - User ID: 11
INFO 2025-06-08 23:14:33,639 services 21440 15580 토큰 검증 시작 - Path: /.well-known/appspecific/com.chrome.devtools.json
INFO 2025-06-08 23:14:33,640 services 21440 15580 액세스 토큰 존재: True
INFO 2025-06-08 23:14:33,641 services 21440 15580 리프레시 토큰 존재: True
INFO 2025-06-08 23:14:33,642 services 21440 15580 액세스 토큰 유효 - User ID: 11
INFO 2025-06-08 23:15:04,036 services 21440 15580 토큰 검증 시작 - Path: /chatbot/
INFO 2025-06-08 23:15:04,037 services 21440 15580 액세스 토큰 존재: True
INFO 2025-06-08 23:15:04,038 services 21440 15580 리프레시 토큰 존재: True
INFO 2025-06-08 23:15:04,039 services 21440 15580 액세스 토큰 만료됨: Signature has expired
ERROR 2025-06-08 23:15:04,039 services 21440 15580 리프레시 토큰 만료: Signature has expired
INFO 2025-06-08 23:15:04,122 services 21440 15580 토큰 검증 시작 - Path: /.well-known/appspecific/com.chrome.devtools.json
INFO 2025-06-08 23:15:04,122 services 21440 15580 액세스 토큰 존재: False
INFO 2025-06-08 23:15:04,123 services 21440 15580 리프레시 토큰 존재: False
WARNING 2025-06-08 23:15:04,123 services 21440 15580 액세스 토큰 없음
INFO 2025-06-09 02:08:57,212 services 3520 24744 토큰 검증 시작 - Path: /
INFO 2025-06-09 02:08:57,214 services 3520 24744 액세스 토큰 존재: False
INFO 2025-06-09 02:08:57,214 services 3520 24744 리프레시 토큰 존재: False
INFO 2025-06-09 02:08:57,214 services 3520 24744 홈 페이지 접근 - 토큰 없음
INFO 2025-06-09 02:08:59,278 services 3520 15896 토큰 검증 시작 - Path: /favicon.ico
INFO 2025-06-09 02:08:59,279 services 3520 15896 액세스 토큰 존재: False
INFO 2025-06-09 02:08:59,280 services 3520 15896 리프레시 토큰 존재: False
WARNING 2025-06-09 02:08:59,281 services 3520 15896 액세스 토큰 없음
INFO 2025-06-09 02:09:08,001 services 3520 15896 토큰 검증 시작 - Path: /favicon.ico
INFO 2025-06-09 02:09:08,002 services 3520 15896 액세스 토큰 존재: False
INFO 2025-06-09 02:09:08,002 services 3520 15896 리프레시 토큰 존재: False
WARNING 2025-06-09 02:09:08,003 services 3520 15896 액세스 토큰 없음
INFO 2025-06-09 02:09:33,421 services 3520 24124 토큰 검증 시작 - Path: /
INFO 2025-06-09 02:09:33,422 services 3520 24124 액세스 토큰 존재: True
INFO 2025-06-09 02:09:33,422 services 3520 24124 리프레시 토큰 존재: True
INFO 2025-06-09 02:09:33,422 services 3520 24124 액세스 토큰 유효 - User ID: 11
INFO 2025-06-09 02:09:33,822 services 3520 24124 토큰 검증 시작 - Path: /favicon.ico
INFO 2025-06-09 02:09:33,823 services 3520 24124 액세스 토큰 존재: True
INFO 2025-06-09 02:09:33,824 services 3520 24124 리프레시 토큰 존재: True
INFO 2025-06-09 02:09:33,825 services 3520 24124 액세스 토큰 유효 - User ID: 11
INFO 2025-06-09 02:09:48,383 services 3520 24124 토큰 검증 시작 - Path: /user/logout/
INFO 2025-06-09 02:09:48,384 services 3520 24124 액세스 토큰 존재: True
INFO 2025-06-09 02:09:48,385 services 3520 24124 리프레시 토큰 존재: True
INFO 2025-06-09 02:09:48,385 services 3520 24124 액세스 토큰 유효 - User ID: 11
INFO 2025-06-09 02:09:48,468 services 3520 24124 토큰 검증 시작 - Path: /
INFO 2025-06-09 02:09:48,469 services 3520 24124 액세스 토큰 존재: False
INFO 2025-06-09 02:09:48,470 services 3520 24124 리프레시 토큰 존재: False
INFO 2025-06-09 02:09:48,471 services 3520 24124 홈 페이지 접근 - 토큰 없음
INFO 2025-06-09 02:12:43,784 services 10504 13980 토큰 검증 시작 - Path: /
INFO 2025-06-09 02:12:43,785 services 10504 13980 액세스 토큰 존재: False
INFO 2025-06-09 02:12:43,786 services 10504 13980 리프레시 토큰 존재: False
INFO 2025-06-09 02:12:43,787 services 10504 13980 홈 페이지 접근 - 토큰 없음
INFO 2025-06-09 02:12:44,303 services 10504 13980 토큰 검증 시작 - Path: /favicon.ico
INFO 2025-06-09 02:12:44,304 services 10504 13980 액세스 토큰 존재: False
INFO 2025-06-09 02:12:44,304 services 10504 13980 리프레시 토큰 존재: False
WARNING 2025-06-09 02:12:44,304 services 10504 13980 액세스 토큰 없음
INFO 2025-06-09 02:12:46,726 services 10504 13980 토큰 검증 시작 - Path: /favicon.ico
INFO 2025-06-09 02:12:46,726 services 10504 13980 액세스 토큰 존재: False
INFO 2025-06-09 02:12:46,726 services 10504 13980 리프레시 토큰 존재: False
WARNING 2025-06-09 02:12:46,727 services 10504 13980 액세스 토큰 없음
INFO 2025-06-09 02:12:50,529 services 10504 3584 토큰 검증 시작 - Path: /
INFO 2025-06-09 02:12:50,530 services 10504 3584 액세스 토큰 존재: True
INFO 2025-06-09 02:12:50,531 services 10504 3584 리프레시 토큰 존재: True
INFO 2025-06-09 02:12:50,532 services 10504 3584 액세스 토큰 유효 - User ID: 11
INFO 2025-06-09 02:12:57,324 services 10504 3584 토큰 검증 시작 - Path: /chatbot/
INFO 2025-06-09 02:12:57,325 services 10504 3584 액세스 토큰 존재: True
INFO 2025-06-09 02:12:57,326 services 10504 3584 리프레시 토큰 존재: True
INFO 2025-06-09 02:12:57,326 services 10504 3584 액세스 토큰 유효 - User ID: 11
INFO 2025-06-09 02:12:57,362 services 10504 3584 토큰 검증 시작 - Path: /chatbot/
INFO 2025-06-09 02:12:57,363 services 10504 3584 액세스 토큰 존재: True
INFO 2025-06-09 02:12:57,363 services 10504 3584 리프레시 토큰 존재: True
INFO 2025-06-09 02:12:57,364 services 10504 3584 액세스 토큰 유효 - User ID: 11
INFO 2025-06-09 02:15:27,530 services 25176 11644 토큰 검증 시작 - Path: /
INFO 2025-06-09 02:15:27,531 services 25176 11644 액세스 토큰 존재: False
INFO 2025-06-09 02:15:27,532 services 25176 11644 리프레시 토큰 존재: False
INFO 2025-06-09 02:15:27,532 services 25176 11644 홈 페이지 접근 - 토큰 없음
INFO 2025-06-09 02:15:27,953 services 25176 11644 토큰 검증 시작 - Path: /favicon.ico
INFO 2025-06-09 02:15:27,953 services 25176 11644 액세스 토큰 존재: False
INFO 2025-06-09 02:15:27,953 services 25176 11644 리프레시 토큰 존재: False
WARNING 2025-06-09 02:15:27,954 services 25176 11644 액세스 토큰 없음
INFO 2025-06-09 02:15:35,107 services 25176 11644 토큰 검증 시작 - Path: /.well-known/appspecific/com.chrome.devtools.json
INFO 2025-06-09 02:15:35,108 services 25176 11644 액세스 토큰 존재: False
INFO 2025-06-09 02:15:35,108 services 25176 11644 리프레시 토큰 존재: False
WARNING 2025-06-09 02:15:35,108 services 25176 11644 액세스 토큰 없음
INFO 2025-06-09 02:15:38,649 services 25176 11644 토큰 검증 시작 - Path: /.well-known/appspecific/com.chrome.devtools.json
INFO 2025-06-09 02:15:38,650 services 25176 11644 액세스 토큰 존재: False
INFO 2025-06-09 02:15:38,650 services 25176 11644 리프레시 토큰 존재: False
WARNING 2025-06-09 02:15:38,650 services 25176 11644 액세스 토큰 없음
INFO 2025-06-09 02:15:38,766 services 25176 11644 토큰 검증 시작 - Path: /favicon.ico
INFO 2025-06-09 02:15:38,766 services 25176 11644 액세스 토큰 존재: False
INFO 2025-06-09 02:15:38,767 services 25176 11644 리프레시 토큰 존재: False
WARNING 2025-06-09 02:15:38,767 services 25176 11644 액세스 토큰 없음
INFO 2025-06-09 02:15:42,144 services 25176 4784 토큰 검증 시작 - Path: /
INFO 2025-06-09 02:15:42,144 services 25176 4784 액세스 토큰 존재: True
INFO 2025-06-09 02:15:42,145 services 25176 4784 리프레시 토큰 존재: True
INFO 2025-06-09 02:15:42,146 services 25176 4784 액세스 토큰 유효 - User ID: 11
INFO 2025-06-09 02:15:42,217 services 25176 4784 토큰 검증 시작 - Path: /.well-known/appspecific/com.chrome.devtools.json
INFO 2025-06-09 02:15:42,218 services 25176 4784 액세스 토큰 존재: True
INFO 2025-06-09 02:15:42,218 services 25176 4784 리프레시 토큰 존재: True
INFO 2025-06-09 02:15:42,219 services 25176 4784 액세스 토큰 유효 - User ID: 11
INFO 2025-06-09 02:15:58,515 services 25176 4784 토큰 검증 시작 - Path: /chatbot/
INFO 2025-06-09 02:15:58,516 services 25176 4784 액세스 토큰 존재: True
INFO 2025-06-09 02:15:58,516 services 25176 4784 리프레시 토큰 존재: True
INFO 2025-06-09 02:15:58,517 services 25176 4784 액세스 토큰 유효 - User ID: 11
INFO 2025-06-09 02:15:58,577 services 25176 4784 토큰 검증 시작 - Path: /chatbot/
INFO 2025-06-09 02:15:58,578 services 25176 4784 액세스 토큰 존재: True
INFO 2025-06-09 02:15:58,579 services 25176 4784 리프레시 토큰 존재: True
INFO 2025-06-09 02:15:58,580 services 25176 4784 액세스 토큰 유효 - User ID: 11
INFO 2025-06-09 02:15:58,646 services 25176 4784 토큰 검증 시작 - Path: /.well-known/appspecific/com.chrome.devtools.json
INFO 2025-06-09 02:15:58,646 services 25176 4784 액세스 토큰 존재: True
INFO 2025-06-09 02:15:58,647 services 25176 4784 리프레시 토큰 존재: True
INFO 2025-06-09 02:15:58,647 services 25176 4784 액세스 토큰 유효 - User ID: 11
INFO 2025-06-09 02:17:08,710 services 25176 4784 토큰 검증 시작 - Path: /
INFO 2025-06-09 02:17:08,711 services 25176 4784 액세스 토큰 존재: True
INFO 2025-06-09 02:17:08,711 services 25176 4784 리프레시 토큰 존재: True
INFO 2025-06-09 02:17:08,712 services 25176 4784 액세스 토큰 만료됨: Signature has expired
INFO 2025-06-09 02:17:08,713 services 25176 4784 리프레시 토큰 유효 - User ID: 11
INFO 2025-06-09 02:17:08,754 services 25176 4784 새 액세스 토큰 발급 완료 - User ID: 11
INFO 2025-06-09 02:17:08,762 services 25176 4784 토큰 검증 시작 - Path: /
INFO 2025-06-09 02:17:08,762 services 25176 4784 액세스 토큰 존재: True
INFO 2025-06-09 02:17:08,763 services 25176 4784 리프레시 토큰 존재: True
INFO 2025-06-09 02:17:08,764 services 25176 4784 액세스 토큰 유효 - User ID: 11
INFO 2025-06-09 02:17:08,869 services 25176 4784 토큰 검증 시작 - Path: /.well-known/appspecific/com.chrome.devtools.json
INFO 2025-06-09 02:17:08,870 services 25176 4784 액세스 토큰 존재: True
INFO 2025-06-09 02:17:08,870 services 25176 4784 리프레시 토큰 존재: True
INFO 2025-06-09 02:17:08,871 services 25176 4784 액세스 토큰 유효 - User ID: 11
INFO 2025-06-09 02:17:10,531 services 25176 4784 토큰 검증 시작 - Path: /chatbot/
INFO 2025-06-09 02:17:10,532 services 25176 4784 액세스 토큰 존재: True
INFO 2025-06-09 02:17:10,532 services 25176 4784 리프레시 토큰 존재: True
INFO 2025-06-09 02:17:10,533 services 25176 4784 액세스 토큰 유효 - User ID: 11
INFO 2025-06-09 02:17:10,575 services 25176 4784 토큰 검증 시작 - Path: /chatbot/
INFO 2025-06-09 02:17:10,576 services 25176 4784 액세스 토큰 존재: True
INFO 2025-06-09 02:17:10,577 services 25176 4784 리프레시 토큰 존재: True
INFO 2025-06-09 02:17:10,578 services 25176 4784 액세스 토큰 유효 - User ID: 11
INFO 2025-06-09 02:17:10,643 services 25176 4784 토큰 검증 시작 - Path: /.well-known/appspecific/com.chrome.devtools.json
INFO 2025-06-09 02:17:10,644 services 25176 4784 액세스 토큰 존재: True
INFO 2025-06-09 02:17:10,644 services 25176 4784 리프레시 토큰 존재: True
INFO 2025-06-09 02:17:10,645 services 25176 4784 액세스 토큰 유효 - User ID: 11
INFO 2025-06-09 02:17:33,438 services 25176 4784 토큰 검증 시작 - Path: /
INFO 2025-06-09 02:17:33,439 services 25176 4784 액세스 토큰 존재: True
INFO 2025-06-09 02:17:33,439 services 25176 4784 리프레시 토큰 존재: True
INFO 2025-06-09 02:17:33,440 services 25176 4784 액세스 토큰 유효 - User ID: 11
INFO 2025-06-09 02:17:33,570 services 25176 4784 토큰 검증 시작 - Path: /.well-known/appspecific/com.chrome.devtools.json
INFO 2025-06-09 02:17:33,571 services 25176 4784 액세스 토큰 존재: True
INFO 2025-06-09 02:17:33,571 services 25176 4784 리프레시 토큰 존재: True
INFO 2025-06-09 02:17:33,572 services 25176 4784 액세스 토큰 유효 - User ID: 11
INFO 2025-06-09 02:17:48,332 services 25176 4784 토큰 검증 시작 - Path: /
INFO 2025-06-09 02:17:48,333 services 25176 4784 액세스 토큰 존재: True
INFO 2025-06-09 02:17:48,334 services 25176 4784 리프레시 토큰 존재: True
INFO 2025-06-09 02:17:48,335 services 25176 4784 액세스 토큰 유효 - User ID: 11
INFO 2025-06-09 02:17:48,452 services 25176 4784 토큰 검증 시작 - Path: /.well-known/appspecific/com.chrome.devtools.json
INFO 2025-06-09 02:17:48,453 services 25176 4784 액세스 토큰 존재: True
INFO 2025-06-09 02:17:48,453 services 25176 4784 리프레시 토큰 존재: True
INFO 2025-06-09 02:17:48,454 services 25176 4784 액세스 토큰 유효 - User ID: 11
INFO 2025-06-09 02:18:20,712 services 25176 4784 토큰 검증 시작 - Path: /chatbot/
INFO 2025-06-09 02:18:20,713 services 25176 4784 액세스 토큰 존재: True
INFO 2025-06-09 02:18:20,717 services 25176 4784 리프레시 토큰 존재: True
INFO 2025-06-09 02:18:20,718 services 25176 4784 액세스 토큰 만료됨: Signature has expired
INFO 2025-06-09 02:18:20,718 services 25176 4784 리프레시 토큰 유효 - User ID: 11
INFO 2025-06-09 02:18:20,757 services 25176 4784 새 액세스 토큰 발급 완료 - User ID: 11
INFO 2025-06-09 02:18:20,767 services 25176 4784 토큰 검증 시작 - Path: /chatbot/
INFO 2025-06-09 02:18:20,767 services 25176 4784 액세스 토큰 존재: True
INFO 2025-06-09 02:18:20,768 services 25176 4784 리프레시 토큰 존재: True
INFO 2025-06-09 02:18:20,768 services 25176 4784 액세스 토큰 유효 - User ID: 11
INFO 2025-06-09 02:18:20,815 services 25176 4784 토큰 검증 시작 - Path: /chatbot/
INFO 2025-06-09 02:18:20,816 services 25176 4784 액세스 토큰 존재: True
INFO 2025-06-09 02:18:20,817 services 25176 4784 리프레시 토큰 존재: True
INFO 2025-06-09 02:18:20,818 services 25176 4784 액세스 토큰 유효 - User ID: 11
INFO 2025-06-09 02:18:20,886 services 25176 4784 토큰 검증 시작 - Path: /.well-known/appspecific/com.chrome.devtools.json
INFO 2025-06-09 02:18:20,887 services 25176 4784 액세스 토큰 존재: True
INFO 2025-06-09 02:18:20,887 services 25176 4784 리프레시 토큰 존재: True
INFO 2025-06-09 02:18:20,888 services 25176 4784 액세스 토큰 유효 - User ID: 11
INFO 2025-06-09 02:18:24,828 services 25176 4784 토큰 검증 시작 - Path: /
INFO 2025-06-09 02:18:24,829 services 25176 4784 액세스 토큰 존재: True
INFO 2025-06-09 02:18:24,830 services 25176 4784 리프레시 토큰 존재: True
INFO 2025-06-09 02:18:24,831 services 25176 4784 액세스 토큰 유효 - User ID: 11
INFO 2025-06-09 02:18:24,948 services 25176 4784 토큰 검증 시작 - Path: /.well-known/appspecific/com.chrome.devtools.json
INFO 2025-06-09 02:18:24,949 services 25176 4784 액세스 토큰 존재: True
INFO 2025-06-09 02:18:24,949 services 25176 4784 리프레시 토큰 존재: True
INFO 2025-06-09 02:18:24,950 services 25176 4784 액세스 토큰 유효 - User ID: 11
INFO 2025-06-09 02:18:29,650 services 25176 4784 토큰 검증 시작 - Path: /chatbot/
INFO 2025-06-09 02:18:29,651 services 25176 4784 액세스 토큰 존재: True
INFO 2025-06-09 02:18:29,652 services 25176 4784 리프레시 토큰 존재: True
INFO 2025-06-09 02:18:29,653 services 25176 4784 액세스 토큰 유효 - User ID: 11
INFO 2025-06-09 02:18:29,697 services 25176 4784 토큰 검증 시작 - Path: /chatbot/
INFO 2025-06-09 02:18:29,699 services 25176 4784 액세스 토큰 존재: True
INFO 2025-06-09 02:18:29,700 services 25176 4784 리프레시 토큰 존재: True
INFO 2025-06-09 02:18:29,701 services 25176 4784 액세스 토큰 유효 - User ID: 11
INFO 2025-06-09 02:18:29,778 services 25176 4784 토큰 검증 시작 - Path: /.well-known/appspecific/com.chrome.devtools.json
INFO 2025-06-09 02:18:29,779 services 25176 4784 액세스 토큰 존재: True
INFO 2025-06-09 02:18:29,779 services 25176 4784 리프레시 토큰 존재: True
INFO 2025-06-09 02:18:29,780 services 25176 4784 액세스 토큰 유효 - User ID: 11
INFO 2025-06-09 02:18:42,708 services 25176 4784 토큰 검증 시작 - Path: /
INFO 2025-06-09 02:18:42,709 services 25176 4784 액세스 토큰 존재: True
INFO 2025-06-09 02:18:42,709 services 25176 4784 리프레시 토큰 존재: True
INFO 2025-06-09 02:18:42,710 services 25176 4784 액세스 토큰 유효 - User ID: 11
INFO 2025-06-09 02:18:42,829 services 25176 4784 토큰 검증 시작 - Path: /.well-known/appspecific/com.chrome.devtools.json
INFO 2025-06-09 02:18:42,830 services 25176 4784 액세스 토큰 존재: True
INFO 2025-06-09 02:18:42,830 services 25176 4784 리프레시 토큰 존재: True
INFO 2025-06-09 02:18:42,831 services 25176 4784 액세스 토큰 유효 - User ID: 11
INFO 2025-06-09 02:19:45,937 services 25176 4784 토큰 검증 시작 - Path: /
INFO 2025-06-09 02:19:45,938 services 25176 4784 액세스 토큰 존재: True
INFO 2025-06-09 02:19:45,939 services 25176 4784 리프레시 토큰 존재: True
INFO 2025-06-09 02:19:45,940 services 25176 4784 액세스 토큰 만료됨: Signature has expired
INFO 2025-06-09 02:19:45,941 services 25176 4784 리프레시 토큰 유효 - User ID: 11
INFO 2025-06-09 02:19:45,977 services 25176 4784 새 액세스 토큰 발급 완료 - User ID: 11
INFO 2025-06-09 02:19:45,986 services 25176 4784 토큰 검증 시작 - Path: /
INFO 2025-06-09 02:19:45,989 services 25176 4784 액세스 토큰 존재: True
INFO 2025-06-09 02:19:45,989 services 25176 4784 리프레시 토큰 존재: True
INFO 2025-06-09 02:19:45,990 services 25176 4784 액세스 토큰 유효 - User ID: 11
INFO 2025-06-09 02:19:46,072 services 25176 4784 토큰 검증 시작 - Path: /.well-known/appspecific/com.chrome.devtools.json
INFO 2025-06-09 02:19:46,072 services 25176 4784 액세스 토큰 존재: True
INFO 2025-06-09 02:19:46,073 services 25176 4784 리프레시 토큰 존재: True
INFO 2025-06-09 02:19:46,073 services 25176 4784 액세스 토큰 유효 - User ID: 11
INFO 2025-06-09 02:19:48,971 services 25176 4784 토큰 검증 시작 - Path: /chatbot/
INFO 2025-06-09 02:19:48,972 services 25176 4784 액세스 토큰 존재: True
INFO 2025-06-09 02:19:48,973 services 25176 4784 리프레시 토큰 존재: True
INFO 2025-06-09 02:19:48,973 services 25176 4784 액세스 토큰 유효 - User ID: 11
INFO 2025-06-09 02:19:49,022 services 25176 4784 토큰 검증 시작 - Path: /chatbot/
INFO 2025-06-09 02:19:49,023 services 25176 4784 액세스 토큰 존재: True
INFO 2025-06-09 02:19:49,024 services 25176 4784 리프레시 토큰 존재: True
INFO 2025-06-09 02:19:49,025 services 25176 4784 액세스 토큰 유효 - User ID: 11
INFO 2025-06-09 02:19:49,091 services 25176 4784 토큰 검증 시작 - Path: /.well-known/appspecific/com.chrome.devtools.json
INFO 2025-06-09 02:19:49,092 services 25176 4784 액세스 토큰 존재: True
INFO 2025-06-09 02:19:49,092 services 25176 4784 리프레시 토큰 존재: True
INFO 2025-06-09 02:19:49,093 services 25176 4784 액세스 토큰 유효 - User ID: 11
INFO 2025-06-09 02:20:40,566 services 25176 4784 토큰 검증 시작 - Path: /
INFO 2025-06-09 02:20:40,567 services 25176 4784 액세스 토큰 존재: True
INFO 2025-06-09 02:20:40,568 services 25176 4784 리프레시 토큰 존재: True
INFO 2025-06-09 02:20:40,568 services 25176 4784 액세스 토큰 유효 - User ID: 11
INFO 2025-06-09 02:20:40,684 services 25176 4784 토큰 검증 시작 - Path: /.well-known/appspecific/com.chrome.devtools.json
INFO 2025-06-09 02:20:40,685 services 25176 4784 액세스 토큰 존재: True
INFO 2025-06-09 02:20:40,685 services 25176 4784 리프레시 토큰 존재: True
INFO 2025-06-09 02:20:40,685 services 25176 4784 액세스 토큰 유효 - User ID: 11
INFO 2025-06-09 02:20:47,317 services 25176 4784 토큰 검증 시작 - Path: /chatbot/
INFO 2025-06-09 02:20:47,318 services 25176 4784 액세스 토큰 존재: True
INFO 2025-06-09 02:20:47,318 services 25176 4784 리프레시 토큰 존재: True
INFO 2025-06-09 02:20:47,319 services 25176 4784 액세스 토큰 만료됨: Signature has expired
ERROR 2025-06-09 02:20:47,320 services 25176 4784 리프레시 토큰 만료: Signature has expired
INFO 2025-06-09 02:20:47,404 services 25176 4784 토큰 검증 시작 - Path: /.well-known/appspecific/com.chrome.devtools.json
INFO 2025-06-09 02:20:47,404 services 25176 4784 액세스 토큰 존재: False
INFO 2025-06-09 02:20:47,404 services 25176 4784 리프레시 토큰 존재: False
WARNING 2025-06-09 02:20:47,405 services 25176 4784 액세스 토큰 없음
INFO 2025-06-09 02:20:55,519 services 25176 4784 토큰 검증 시작 - Path: /
INFO 2025-06-09 02:20:55,519 services 25176 4784 액세스 토큰 존재: False
INFO 2025-06-09 02:20:55,520 services 25176 4784 리프레시 토큰 존재: False
INFO 2025-06-09 02:20:55,520 services 25176 4784 홈 페이지 접근 - 토큰 없음
INFO 2025-06-09 02:20:55,581 services 25176 4784 토큰 검증 시작 - Path: /.well-known/appspecific/com.chrome.devtools.json
INFO 2025-06-09 02:20:55,582 services 25176 4784 액세스 토큰 존재: False
INFO 2025-06-09 02:20:55,582 services 25176 4784 리프레시 토큰 존재: False
WARNING 2025-06-09 02:20:55,585 services 25176 4784 액세스 토큰 없음
INFO 2025-06-09 02:20:57,041 services 25176 4784 토큰 검증 시작 - Path: /chatbot/
INFO 2025-06-09 02:20:57,042 services 25176 4784 액세스 토큰 존재: False
INFO 2025-06-09 02:20:57,043 services 25176 4784 리프레시 토큰 존재: False
WARNING 2025-06-09 02:20:57,043 services 25176 4784 액세스 토큰 없음
INFO 2025-06-09 02:20:57,100 services 25176 4784 토큰 검증 시작 - Path: /.well-known/appspecific/com.chrome.devtools.json
INFO 2025-06-09 02:20:57,101 services 25176 4784 액세스 토큰 존재: False
INFO 2025-06-09 02:20:57,101 services 25176 4784 리프레시 토큰 존재: False
WARNING 2025-06-09 02:20:57,102 services 25176 4784 액세스 토큰 없음
INFO 2025-06-09 02:20:59,440 services 25176 4784 토큰 검증 시작 - Path: /
INFO 2025-06-09 02:20:59,441 services 25176 4784 액세스 토큰 존재: False
INFO 2025-06-09 02:20:59,442 services 25176 4784 리프레시 토큰 존재: False
INFO 2025-06-09 02:20:59,443 services 25176 4784 홈 페이지 접근 - 토큰 없음
INFO 2025-06-09 02:20:59,506 services 25176 4784 토큰 검증 시작 - Path: /.well-known/appspecific/com.chrome.devtools.json
INFO 2025-06-09 02:20:59,507 services 25176 4784 액세스 토큰 존재: False
INFO 2025-06-09 02:20:59,507 services 25176 4784 리프레시 토큰 존재: False
WARNING 2025-06-09 02:20:59,507 services 25176 4784 액세스 토큰 없음
INFO 2025-06-09 02:21:01,114 services 25176 4784 토큰 검증 시작 - Path: /chatbot/
INFO 2025-06-09 02:21:01,115 services 25176 4784 액세스 토큰 존재: False
INFO 2025-06-09 02:21:01,116 services 25176 4784 리프레시 토큰 존재: False
WARNING 2025-06-09 02:21:01,117 services 25176 4784 액세스 토큰 없음
INFO 2025-06-09 02:21:01,194 services 25176 4784 토큰 검증 시작 - Path: /.well-known/appspecific/com.chrome.devtools.json
INFO 2025-06-09 02:21:01,194 services 25176 4784 액세스 토큰 존재: False
INFO 2025-06-09 02:21:01,195 services 25176 4784 리프레시 토큰 존재: False
WARNING 2025-06-09 02:21:01,195 services 25176 4784 액세스 토큰 없음
INFO 2025-06-09 02:21:03,229 services 25176 4784 토큰 검증 시작 - Path: /
INFO 2025-06-09 02:21:03,230 services 25176 4784 액세스 토큰 존재: False
INFO 2025-06-09 02:21:03,231 services 25176 4784 리프레시 토큰 존재: False
INFO 2025-06-09 02:21:03,231 services 25176 4784 홈 페이지 접근 - 토큰 없음
INFO 2025-06-09 02:21:03,294 services 25176 4784 토큰 검증 시작 - Path: /.well-known/appspecific/com.chrome.devtools.json
INFO 2025-06-09 02:21:03,295 services 25176 4784 액세스 토큰 존재: False
INFO 2025-06-09 02:21:03,295 services 25176 4784 리프레시 토큰 존재: False
WARNING 2025-06-09 02:21:03,295 services 25176 4784 액세스 토큰 없음
INFO 2025-06-09 02:21:05,569 services 25176 4784 토큰 검증 시작 - Path: /chatbot/
INFO 2025-06-09 02:21:05,570 services 25176 4784 액세스 토큰 존재: False
INFO 2025-06-09 02:21:05,570 services 25176 4784 리프레시 토큰 존재: False
WARNING 2025-06-09 02:21:05,571 services 25176 4784 액세스 토큰 없음
INFO 2025-06-09 02:21:05,647 services 25176 4784 토큰 검증 시작 - Path: /.well-known/appspecific/com.chrome.devtools.json
INFO 2025-06-09 02:21:05,648 services 25176 4784 액세스 토큰 존재: False
INFO 2025-06-09 02:21:05,649 services 25176 4784 리프레시 토큰 존재: False
WARNING 2025-06-09 02:21:05,649 services 25176 4784 액세스 토큰 없음
INFO 2025-06-09 02:21:06,955 services 25176 4784 토큰 검증 시작 - Path: /
INFO 2025-06-09 02:21:06,956 services 25176 4784 액세스 토큰 존재: False
INFO 2025-06-09 02:21:06,957 services 25176 4784 리프레시 토큰 존재: False
INFO 2025-06-09 02:21:06,958 services 25176 4784 홈 페이지 접근 - 토큰 없음
INFO 2025-06-09 02:21:07,016 services 25176 4784 토큰 검증 시작 - Path: /.well-known/appspecific/com.chrome.devtools.json
INFO 2025-06-09 02:21:07,017 services 25176 4784 액세스 토큰 존재: False
INFO 2025-06-09 02:21:07,017 services 25176 4784 리프레시 토큰 존재: False
WARNING 2025-06-09 02:21:07,018 services 25176 4784 액세스 토큰 없음
INFO 2025-06-09 02:21:07,851 services 25176 4784 토큰 검증 시작 - Path: /chatbot/
INFO 2025-06-09 02:21:07,852 services 25176 4784 액세스 토큰 존재: False
INFO 2025-06-09 02:21:07,852 services 25176 4784 리프레시 토큰 존재: False
WARNING 2025-06-09 02:21:07,853 services 25176 4784 액세스 토큰 없음
INFO 2025-06-09 02:21:07,968 services 25176 4784 토큰 검증 시작 - Path: /.well-known/appspecific/com.chrome.devtools.json
INFO 2025-06-09 02:21:07,969 services 25176 4784 액세스 토큰 존재: False
INFO 2025-06-09 02:21:07,970 services 25176 4784 리프레시 토큰 존재: False
WARNING 2025-06-09 02:21:07,971 services 25176 4784 액세스 토큰 없음
INFO 2025-06-09 02:21:09,337 services 25176 4784 토큰 검증 시작 - Path: /.well-known/appspecific/com.chrome.devtools.json
INFO 2025-06-09 02:21:09,337 services 25176 4784 액세스 토큰 존재: False
INFO 2025-06-09 02:21:09,337 services 25176 4784 리프레시 토큰 존재: False
WARNING 2025-06-09 02:21:09,338 services 25176 4784 액세스 토큰 없음
INFO 2025-06-09 02:21:11,503 services 25176 4784 토큰 검증 시작 - Path: /
INFO 2025-06-09 02:21:11,503 services 25176 4784 액세스 토큰 존재: False
INFO 2025-06-09 02:21:11,504 services 25176 4784 리프레시 토큰 존재: False
INFO 2025-06-09 02:21:11,505 services 25176 4784 홈 페이지 접근 - 토큰 없음
INFO 2025-06-09 02:21:11,594 services 25176 4784 토큰 검증 시작 - Path: /.well-known/appspecific/com.chrome.devtools.json
INFO 2025-06-09 02:21:11,595 services 25176 4784 액세스 토큰 존재: False
INFO 2025-06-09 02:21:11,595 services 25176 4784 리프레시 토큰 존재: False
WARNING 2025-06-09 02:21:11,596 services 25176 4784 액세스 토큰 없음
INFO 2025-06-09 02:21:23,691 services 25176 4784 토큰 검증 시작 - Path: /chatbot/
INFO 2025-06-09 02:21:23,692 services 25176 4784 액세스 토큰 존재: False
INFO 2025-06-09 02:21:23,692 services 25176 4784 리프레시 토큰 존재: False
WARNING 2025-06-09 02:21:23,693 services 25176 4784 액세스 토큰 없음
INFO 2025-06-09 02:21:25,585 services 25176 4784 토큰 검증 시작 - Path: /
INFO 2025-06-09 02:21:25,586 services 25176 4784 액세스 토큰 존재: False
INFO 2025-06-09 02:21:25,587 services 25176 4784 리프레시 토큰 존재: False
INFO 2025-06-09 02:21:25,587 services 25176 4784 홈 페이지 접근 - 토큰 없음
INFO 2025-06-09 02:21:28,405 services 25176 4784 토큰 검증 시작 - Path: /chatbot/
INFO 2025-06-09 02:21:28,406 services 25176 4784 액세스 토큰 존재: False
INFO 2025-06-09 02:21:28,407 services 25176 4784 리프레시 토큰 존재: False
WARNING 2025-06-09 02:21:28,407 services 25176 4784 액세스 토큰 없음
INFO 2025-06-09 02:21:29,521 services 25176 4784 토큰 검증 시작 - Path: /
INFO 2025-06-09 02:21:29,522 services 25176 4784 액세스 토큰 존재: False
INFO 2025-06-09 02:21:29,522 services 25176 4784 리프레시 토큰 존재: False
INFO 2025-06-09 02:21:29,523 services 25176 4784 홈 페이지 접근 - 토큰 없음
INFO 2025-06-09 02:21:31,887 services 25176 4784 토큰 검증 시작 - Path: /chatbot/
INFO 2025-06-09 02:21:31,887 services 25176 4784 액세스 토큰 존재: False
INFO 2025-06-09 02:21:31,888 services 25176 4784 리프레시 토큰 존재: False
WARNING 2025-06-09 02:21:31,889 services 25176 4784 액세스 토큰 없음
INFO 2025-06-09 02:21:34,430 services 25176 4784 토큰 검증 시작 - Path: /
INFO 2025-06-09 02:21:34,431 services 25176 4784 액세스 토큰 존재: False
INFO 2025-06-09 02:21:34,432 services 25176 4784 리프레시 토큰 존재: False
INFO 2025-06-09 02:21:34,432 services 25176 4784 홈 페이지 접근 - 토큰 없음
INFO 2025-06-09 02:21:40,669 services 25176 4784 토큰 검증 시작 - Path: /chatbot/
INFO 2025-06-09 02:21:40,670 services 25176 4784 액세스 토큰 존재: False
INFO 2025-06-09 02:21:40,670 services 25176 4784 리프레시 토큰 존재: False
WARNING 2025-06-09 02:21:40,671 services 25176 4784 액세스 토큰 없음
INFO 2025-06-09 02:21:43,054 services 25176 4784 토큰 검증 시작 - Path: /
INFO 2025-06-09 02:21:43,055 services 25176 4784 액세스 토큰 존재: False
INFO 2025-06-09 02:21:43,055 services 25176 4784 리프레시 토큰 존재: False
INFO 2025-06-09 02:21:43,056 services 25176 4784 홈 페이지 접근 - 토큰 없음
INFO 2025-06-09 02:31:41,213 services 12712 8564 토큰 검증 시작 - Path: /
INFO 2025-06-09 02:31:41,213 services 12712 8564 액세스 토큰 존재: False
INFO 2025-06-09 02:31:41,214 services 12712 8564 리프레시 토큰 존재: False
INFO 2025-06-09 02:31:41,214 services 12712 8564 홈 페이지 접근 - 토큰 없음
INFO 2025-06-09 02:31:42,042 services 12712 12528 토큰 검증 시작 - Path: /favicon.ico
INFO 2025-06-09 02:31:42,042 services 12712 12528 액세스 토큰 존재: False
INFO 2025-06-09 02:31:42,043 services 12712 12528 리프레시 토큰 존재: False
WARNING 2025-06-09 02:31:42,043 services 12712 12528 액세스 토큰 없음
INFO 2025-06-09 02:31:45,559 services 12712 12480 토큰 검증 시작 - Path: /favicon.ico
INFO 2025-06-09 02:31:45,559 services 12712 12480 액세스 토큰 존재: False
INFO 2025-06-09 02:31:45,559 services 12712 12480 리프레시 토큰 존재: False
WARNING 2025-06-09 02:31:45,560 services 12712 12480 액세스 토큰 없음
INFO 2025-06-09 02:32:08,594 services 12712 20680 토큰 검증 시작 - Path: /
INFO 2025-06-09 02:32:08,595 services 12712 20680 액세스 토큰 존재: True
INFO 2025-06-09 02:32:08,596 services 12712 20680 리프레시 토큰 존재: True
INFO 2025-06-09 02:32:08,597 services 12712 20680 액세스 토큰 유효 - User ID: 11
INFO 2025-06-09 02:32:08,935 services 12712 20680 토큰 검증 시작 - Path: /favicon.ico
INFO 2025-06-09 02:32:08,936 services 12712 20680 액세스 토큰 존재: True
INFO 2025-06-09 02:32:08,937 services 12712 20680 리프레시 토큰 존재: True
INFO 2025-06-09 02:32:08,938 services 12712 20680 액세스 토큰 유효 - User ID: 11
INFO 2025-06-09 02:32:15,825 services 12712 20680 토큰 검증 시작 - Path: /chatbot/
INFO 2025-06-09 02:32:15,826 services 12712 20680 액세스 토큰 존재: True
INFO 2025-06-09 02:32:15,826 services 12712 20680 리프레시 토큰 존재: True
INFO 2025-06-09 02:32:15,827 services 12712 20680 액세스 토큰 유효 - User ID: 11
INFO 2025-06-09 02:32:15,872 services 12712 20680 토큰 검증 시작 - Path: /chatbot/
INFO 2025-06-09 02:32:15,873 services 12712 20680 액세스 토큰 존재: True
INFO 2025-06-09 02:32:15,874 services 12712 20680 리프레시 토큰 존재: True
INFO 2025-06-09 02:32:15,875 services 12712 20680 액세스 토큰 유효 - User ID: 11
INFO 2025-06-09 02:32:17,205 services 12712 20680 토큰 검증 시작 - Path: /
INFO 2025-06-09 02:32:17,206 services 12712 20680 액세스 토큰 존재: True
INFO 2025-06-09 02:32:17,207 services 12712 20680 리프레시 토큰 존재: True
INFO 2025-06-09 02:32:17,208 services 12712 20680 액세스 토큰 유효 - User ID: 11
INFO 2025-06-09 02:32:18,564 services 12712 20680 토큰 검증 시작 - Path: /chatbot/
INFO 2025-06-09 02:32:18,564 services 12712 20680 액세스 토큰 존재: True
INFO 2025-06-09 02:32:18,565 services 12712 20680 리프레시 토큰 존재: True
INFO 2025-06-09 02:32:18,566 services 12712 20680 액세스 토큰 유효 - User ID: 11
INFO 2025-06-09 02:32:18,609 services 12712 20680 토큰 검증 시작 - Path: /chatbot/
INFO 2025-06-09 02:32:18,609 services 12712 20680 액세스 토큰 존재: True
INFO 2025-06-09 02:32:18,610 services 12712 20680 리프레시 토큰 존재: True
INFO 2025-06-09 02:32:18,611 services 12712 20680 액세스 토큰 유효 - User ID: 11
INFO 2025-06-09 02:32:45,098 services 12712 20680 토큰 검증 시작 - Path: /chatbot/
INFO 2025-06-09 02:32:45,098 services 12712 20680 액세스 토큰 존재: True
INFO 2025-06-09 02:32:45,099 services 12712 20680 리프레시 토큰 존재: True
INFO 2025-06-09 02:32:45,100 services 12712 20680 액세스 토큰 유효 - User ID: 11
INFO 2025-06-09 02:32:45,144 services 12712 20680 토큰 검증 시작 - Path: /chatbot/
INFO 2025-06-09 02:32:45,145 services 12712 20680 액세스 토큰 존재: True
INFO 2025-06-09 02:32:45,146 services 12712 20680 리프레시 토큰 존재: True
INFO 2025-06-09 02:32:45,147 services 12712 20680 액세스 토큰 유효 - User ID: 11
INFO 2025-06-09 02:32:45,938 services 12712 20680 토큰 검증 시작 - Path: /
INFO 2025-06-09 02:32:45,938 services 12712 20680 액세스 토큰 존재: True
INFO 2025-06-09 02:32:45,939 services 12712 20680 리프레시 토큰 존재: True
INFO 2025-06-09 02:32:45,940 services 12712 20680 액세스 토큰 유효 - User ID: 11
INFO 2025-06-09 02:32:50,499 services 12712 20680 토큰 검증 시작 - Path: /user/logout/
INFO 2025-06-09 02:32:50,500 services 12712 20680 액세스 토큰 존재: True
INFO 2025-06-09 02:32:50,500 services 12712 20680 리프레시 토큰 존재: True
INFO 2025-06-09 02:32:50,501 services 12712 20680 액세스 토큰 유효 - User ID: 11
INFO 2025-06-09 02:32:50,599 services 12712 20680 토큰 검증 시작 - Path: /
INFO 2025-06-09 02:32:50,600 services 12712 20680 액세스 토큰 존재: False
INFO 2025-06-09 02:32:50,600 services 12712 20680 리프레시 토큰 존재: False
INFO 2025-06-09 02:32:50,601 services 12712 20680 홈 페이지 접근 - 토큰 없음
INFO 2025-06-09 02:32:53,303 services 12712 20680 토큰 검증 시작 - Path: /chatbot/
INFO 2025-06-09 02:32:53,303 services 12712 20680 액세스 토큰 존재: False
INFO 2025-06-09 02:32:53,304 services 12712 20680 리프레시 토큰 존재: False
WARNING 2025-06-09 02:32:53,305 services 12712 20680 액세스 토큰 없음
INFO 2025-06-09 02:32:55,574 services 12712 20680 토큰 검증 시작 - Path: /
INFO 2025-06-09 02:32:55,575 services 12712 20680 액세스 토큰 존재: False
INFO 2025-06-09 02:32:55,575 services 12712 20680 리프레시 토큰 존재: False
INFO 2025-06-09 02:32:55,576 services 12712 20680 홈 페이지 접근 - 토큰 없음
INFO 2025-06-09 02:32:56,761 services 12712 20680 토큰 검증 시작 - Path: /chatbot/
INFO 2025-06-09 02:32:56,762 services 12712 20680 액세스 토큰 존재: False
INFO 2025-06-09 02:32:56,763 services 12712 20680 리프레시 토큰 존재: False
WARNING 2025-06-09 02:32:56,764 services 12712 20680 액세스 토큰 없음
INFO 2025-06-09 02:32:57,817 services 12712 20680 토큰 검증 시작 - Path: /
INFO 2025-06-09 02:32:57,818 services 12712 20680 액세스 토큰 존재: False
INFO 2025-06-09 02:32:57,818 services 12712 20680 리프레시 토큰 존재: False
INFO 2025-06-09 02:32:57,819 services 12712 20680 홈 페이지 접근 - 토큰 없음
INFO 2025-06-09 02:33:02,004 services 12712 20680 토큰 검증 시작 - Path: /chatbot/
INFO 2025-06-09 02:33:02,005 services 12712 20680 액세스 토큰 존재: False
INFO 2025-06-09 02:33:02,005 services 12712 20680 리프레시 토큰 존재: False
WARNING 2025-06-09 02:33:02,006 services 12712 20680 액세스 토큰 없음
INFO 2025-06-09 02:33:03,360 services 12712 20680 토큰 검증 시작 - Path: /chatbot/
INFO 2025-06-09 02:33:03,361 services 12712 20680 액세스 토큰 존재: False
INFO 2025-06-09 02:33:03,361 services 12712 20680 리프레시 토큰 존재: False
WARNING 2025-06-09 02:33:03,362 services 12712 20680 액세스 토큰 없음
INFO 2025-06-09 02:33:04,815 services 12712 20680 토큰 검증 시작 - Path: /
INFO 2025-06-09 02:33:04,816 services 12712 20680 액세스 토큰 존재: False
INFO 2025-06-09 02:33:04,816 services 12712 20680 리프레시 토큰 존재: False
INFO 2025-06-09 02:33:04,817 services 12712 20680 홈 페이지 접근 - 토큰 없음
INFO 2025-06-09 02:34:56,448 services 13000 20116 토큰 검증 시작 - Path: /
INFO 2025-06-09 02:34:56,449 services 13000 20116 액세스 토큰 존재: False
INFO 2025-06-09 02:34:56,449 services 13000 20116 리프레시 토큰 존재: False
INFO 2025-06-09 02:34:56,449 services 13000 20116 홈 페이지 접근 - 토큰 없음
INFO 2025-06-09 02:34:57,072 services 13000 14192 토큰 검증 시작 - Path: /favicon.ico
INFO 2025-06-09 02:34:57,073 services 13000 14192 액세스 토큰 존재: False
INFO 2025-06-09 02:34:57,073 services 13000 14192 리프레시 토큰 존재: False
WARNING 2025-06-09 02:34:57,074 services 13000 14192 액세스 토큰 없음
INFO 2025-06-09 02:35:05,793 services 13000 14192 토큰 검증 시작 - Path: /chatbot/
INFO 2025-06-09 02:35:05,794 services 13000 14192 액세스 토큰 존재: False
INFO 2025-06-09 02:35:05,795 services 13000 14192 리프레시 토큰 존재: False
WARNING 2025-06-09 02:35:05,795 services 13000 14192 액세스 토큰 없음
INFO 2025-06-09 02:35:05,987 services 13000 14192 토큰 검증 시작 - Path: /favicon.ico
INFO 2025-06-09 02:35:05,988 services 13000 14192 액세스 토큰 존재: False
INFO 2025-06-09 02:35:05,989 services 13000 14192 리프레시 토큰 존재: False
WARNING 2025-06-09 02:35:05,989 services 13000 14192 액세스 토큰 없음
INFO 2025-06-09 02:35:08,211 services 13000 12368 토큰 검증 시작 - Path: /favicon.ico
INFO 2025-06-09 02:35:08,211 services 13000 12368 액세스 토큰 존재: False
INFO 2025-06-09 02:35:08,212 services 13000 12368 리프레시 토큰 존재: False
WARNING 2025-06-09 02:35:08,212 services 13000 12368 액세스 토큰 없음
INFO 2025-06-09 02:35:09,533 services 13000 12368 토큰 검증 시작 - Path: /
INFO 2025-06-09 02:35:09,534 services 13000 12368 액세스 토큰 존재: False
INFO 2025-06-09 02:35:09,535 services 13000 12368 리프레시 토큰 존재: False
INFO 2025-06-09 02:35:09,536 services 13000 12368 홈 페이지 접근 - 토큰 없음
INFO 2025-06-09 02:35:09,626 services 13000 12368 토큰 검증 시작 - Path: /favicon.ico
INFO 2025-06-09 02:35:09,627 services 13000 12368 액세스 토큰 존재: False
INFO 2025-06-09 02:35:09,628 services 13000 12368 리프레시 토큰 존재: False
WARNING 2025-06-09 02:35:09,628 services 13000 12368 액세스 토큰 없음
INFO 2025-06-09 02:35:31,594 services 13000 12368 토큰 검증 시작 - Path: /favicon.ico
INFO 2025-06-09 02:35:31,595 services 13000 12368 액세스 토큰 존재: False
INFO 2025-06-09 02:35:31,595 services 13000 12368 리프레시 토큰 존재: False
WARNING 2025-06-09 02:35:31,595 services 13000 12368 액세스 토큰 없음
INFO 2025-06-09 02:38:30,720 services 16624 3356 토큰 검증 시작 - Path: /
INFO 2025-06-09 02:38:30,721 services 16624 3356 액세스 토큰 존재: False
INFO 2025-06-09 02:38:30,722 services 16624 3356 리프레시 토큰 존재: False
INFO 2025-06-09 02:38:30,722 services 16624 3356 홈 페이지 접근 - 토큰 없음
INFO 2025-06-09 02:38:31,527 services 16624 21556 토큰 검증 시작 - Path: /favicon.ico
INFO 2025-06-09 02:38:31,528 services 16624 21556 액세스 토큰 존재: False
INFO 2025-06-09 02:38:31,528 services 16624 21556 리프레시 토큰 존재: False
WARNING 2025-06-09 02:38:31,529 services 16624 21556 액세스 토큰 없음
INFO 2025-06-09 02:38:34,178 services 16624 1524 토큰 검증 시작 - Path: /chatbot/
INFO 2025-06-09 02:38:34,179 services 16624 1524 액세스 토큰 존재: False
INFO 2025-06-09 02:38:34,179 services 16624 1524 리프레시 토큰 존재: False
WARNING 2025-06-09 02:38:34,180 services 16624 1524 액세스 토큰 없음
INFO 2025-06-09 02:38:34,369 services 16624 1524 토큰 검증 시작 - Path: /favicon.ico
INFO 2025-06-09 02:38:34,370 services 16624 1524 액세스 토큰 존재: False
INFO 2025-06-09 02:38:34,370 services 16624 1524 리프레시 토큰 존재: False
WARNING 2025-06-09 02:38:34,371 services 16624 1524 액세스 토큰 없음
INFO 2025-06-09 02:38:35,324 services 16624 1524 토큰 검증 시작 - Path: /
INFO 2025-06-09 02:38:35,324 services 16624 1524 액세스 토큰 존재: False
INFO 2025-06-09 02:38:35,325 services 16624 1524 리프레시 토큰 존재: False
INFO 2025-06-09 02:38:35,326 services 16624 1524 홈 페이지 접근 - 토큰 없음
INFO 2025-06-09 02:38:35,514 services 16624 1524 토큰 검증 시작 - Path: /favicon.ico
INFO 2025-06-09 02:38:35,515 services 16624 1524 액세스 토큰 존재: False
INFO 2025-06-09 02:38:35,515 services 16624 1524 리프레시 토큰 존재: False
WARNING 2025-06-09 02:38:35,516 services 16624 1524 액세스 토큰 없음
INFO 2025-06-09 02:38:36,870 services 16624 1524 토큰 검증 시작 - Path: /favicon.ico
INFO 2025-06-09 02:38:36,871 services 16624 1524 액세스 토큰 존재: False
INFO 2025-06-09 02:38:36,872 services 16624 1524 리프레시 토큰 존재: False
WARNING 2025-06-09 02:38:36,872 services 16624 1524 액세스 토큰 없음
INFO 2025-06-09 02:38:37,657 services 16624 1524 토큰 검증 시작 - Path: /
INFO 2025-06-09 02:38:37,658 services 16624 1524 액세스 토큰 존재: False
INFO 2025-06-09 02:38:37,659 services 16624 1524 리프레시 토큰 존재: False
INFO 2025-06-09 02:38:37,659 services 16624 1524 홈 페이지 접근 - 토큰 없음
INFO 2025-06-09 02:38:37,752 services 16624 1524 토큰 검증 시작 - Path: /favicon.ico
INFO 2025-06-09 02:38:37,753 services 16624 1524 액세스 토큰 존재: False
INFO 2025-06-09 02:38:37,753 services 16624 1524 리프레시 토큰 존재: False
WARNING 2025-06-09 02:38:37,753 services 16624 1524 액세스 토큰 없음
INFO 2025-06-09 02:42:04,611 services 12176 22400 토큰 검증 시작 - Path: /
INFO 2025-06-09 02:42:04,612 services 12176 22400 액세스 토큰 존재: False
INFO 2025-06-09 02:42:04,613 services 12176 22400 리프레시 토큰 존재: False
INFO 2025-06-09 02:42:04,614 services 12176 22400 홈 페이지 접근 - 토큰 없음
INFO 2025-06-09 02:42:05,188 services 12176 6180 토큰 검증 시작 - Path: /favicon.ico
INFO 2025-06-09 02:42:05,188 services 12176 6180 액세스 토큰 존재: False
INFO 2025-06-09 02:42:05,188 services 12176 6180 리프레시 토큰 존재: False
WARNING 2025-06-09 02:42:05,189 services 12176 6180 액세스 토큰 없음
INFO 2025-06-09 02:42:09,062 services 12176 10264 토큰 검증 시작 - Path: /favicon.ico
INFO 2025-06-09 02:42:09,062 services 12176 10264 액세스 토큰 존재: False
INFO 2025-06-09 02:42:09,063 services 12176 10264 리프레시 토큰 존재: False
WARNING 2025-06-09 02:42:09,063 services 12176 10264 액세스 토큰 없음
INFO 2025-06-09 02:42:28,926 services 12176 15492 토큰 검증 시작 - Path: /
INFO 2025-06-09 02:42:28,927 services 12176 15492 액세스 토큰 존재: True
INFO 2025-06-09 02:42:28,928 services 12176 15492 리프레시 토큰 존재: True
INFO 2025-06-09 02:42:28,929 services 12176 15492 액세스 토큰 유효 - User ID: 11
INFO 2025-06-09 02:42:29,285 services 12176 15492 토큰 검증 시작 - Path: /favicon.ico
INFO 2025-06-09 02:42:29,286 services 12176 15492 액세스 토큰 존재: True
INFO 2025-06-09 02:42:29,286 services 12176 15492 리프레시 토큰 존재: True
INFO 2025-06-09 02:42:29,287 services 12176 15492 액세스 토큰 유효 - User ID: 11
INFO 2025-06-09 02:42:34,758 services 12176 15492 토큰 검증 시작 - Path: /chatbot/
INFO 2025-06-09 02:42:34,759 services 12176 15492 액세스 토큰 존재: True
INFO 2025-06-09 02:42:34,760 services 12176 15492 리프레시 토큰 존재: True
INFO 2025-06-09 02:42:34,761 services 12176 15492 액세스 토큰 유효 - User ID: 11
INFO 2025-06-09 02:42:34,805 services 12176 15492 토큰 검증 시작 - Path: /chatbot/
INFO 2025-06-09 02:42:34,806 services 12176 15492 액세스 토큰 존재: True
INFO 2025-06-09 02:42:34,807 services 12176 15492 리프레시 토큰 존재: True
INFO 2025-06-09 02:42:34,808 services 12176 15492 액세스 토큰 유효 - User ID: 11
INFO 2025-06-09 02:42:43,031 services 12176 15492 토큰 검증 시작 - Path: /chatbot/
INFO 2025-06-09 02:42:43,032 services 12176 15492 액세스 토큰 존재: True
INFO 2025-06-09 02:42:43,032 services 12176 15492 리프레시 토큰 존재: True
INFO 2025-06-09 02:42:43,033 services 12176 15492 액세스 토큰 유효 - User ID: 11
INFO 2025-06-09 02:42:43,087 services 12176 15492 토큰 검증 시작 - Path: /chatbot/
INFO 2025-06-09 02:42:43,088 services 12176 15492 액세스 토큰 존재: True
INFO 2025-06-09 02:42:43,089 services 12176 15492 리프레시 토큰 존재: True
INFO 2025-06-09 02:42:43,090 services 12176 15492 액세스 토큰 유효 - User ID: 11
INFO 2025-06-09 02:42:44,082 services 12176 15492 토큰 검증 시작 - Path: /
INFO 2025-06-09 02:42:44,083 services 12176 15492 액세스 토큰 존재: True
INFO 2025-06-09 02:42:44,083 services 12176 15492 리프레시 토큰 존재: True
INFO 2025-06-09 02:42:44,084 services 12176 15492 액세스 토큰 유효 - User ID: 11
INFO 2025-06-09 02:42:45,316 services 12176 15492 토큰 검증 시작 - Path: /chatbot/
INFO 2025-06-09 02:42:45,317 services 12176 15492 액세스 토큰 존재: True
INFO 2025-06-09 02:42:45,318 services 12176 15492 리프레시 토큰 존재: True
INFO 2025-06-09 02:42:45,319 services 12176 15492 액세스 토큰 유효 - User ID: 11
INFO 2025-06-09 02:42:45,366 services 12176 15492 토큰 검증 시작 - Path: /chatbot/
INFO 2025-06-09 02:42:45,367 services 12176 15492 액세스 토큰 존재: True
INFO 2025-06-09 02:42:45,368 services 12176 15492 리프레시 토큰 존재: True
INFO 2025-06-09 02:42:45,369 services 12176 15492 액세스 토큰 유효 - User ID: 11
INFO 2025-06-09 02:42:47,141 services 12176 15492 토큰 검증 시작 - Path: /
INFO 2025-06-09 02:42:47,142 services 12176 15492 액세스 토큰 존재: True
INFO 2025-06-09 02:42:47,142 services 12176 15492 리프레시 토큰 존재: True
INFO 2025-06-09 02:42:47,143 services 12176 15492 액세스 토큰 유효 - User ID: 11
INFO 2025-06-09 02:42:48,549 services 12176 15492 토큰 검증 시작 - Path: /chatbot/
INFO 2025-06-09 02:42:48,550 services 12176 15492 액세스 토큰 존재: True
INFO 2025-06-09 02:42:48,551 services 12176 15492 리프레시 토큰 존재: True
INFO 2025-06-09 02:42:48,552 services 12176 15492 액세스 토큰 유효 - User ID: 11
INFO 2025-06-09 02:42:48,603 services 12176 15492 토큰 검증 시작 - Path: /chatbot/
INFO 2025-06-09 02:42:48,604 services 12176 15492 액세스 토큰 존재: True
INFO 2025-06-09 02:42:48,605 services 12176 15492 리프레시 토큰 존재: True
INFO 2025-06-09 02:42:48,606 services 12176 15492 액세스 토큰 유효 - User ID: 11
INFO 2025-06-09 02:43:39,508 services 12176 15492 토큰 검증 시작 - Path: /.well-known/appspecific/com.chrome.devtools.json
INFO 2025-06-09 02:43:39,509 services 12176 15492 액세스 토큰 존재: True
INFO 2025-06-09 02:43:39,509 services 12176 15492 리프레시 토큰 존재: True
INFO 2025-06-09 02:43:39,510 services 12176 15492 액세스 토큰 만료됨: Signature has expired
INFO 2025-06-09 02:43:39,511 services 12176 15492 리프레시 토큰 유효 - User ID: 11
INFO 2025-06-09 02:43:39,541 services 12176 15492 새 액세스 토큰 발급 완료 - User ID: 11
INFO 2025-06-09 02:43:39,557 services 12176 15492 토큰 검증 시작 - Path: /.well-known/appspecific/com.chrome.devtools.json
INFO 2025-06-09 02:43:39,558 services 12176 15492 액세스 토큰 존재: True
INFO 2025-06-09 02:43:39,558 services 12176 15492 리프레시 토큰 존재: True
INFO 2025-06-09 02:43:39,559 services 12176 15492 액세스 토큰 유효 - User ID: 11
INFO 2025-06-09 02:44:43,852 services 12176 15492 토큰 검증 시작 - Path: /
INFO 2025-06-09 02:44:43,853 services 12176 15492 액세스 토큰 존재: True
INFO 2025-06-09 02:44:43,853 services 12176 15492 리프레시 토큰 존재: True
INFO 2025-06-09 02:44:43,854 services 12176 15492 액세스 토큰 만료됨: Signature has expired
INFO 2025-06-09 02:44:43,855 services 12176 15492 리프레시 토큰 유효 - User ID: 11
INFO 2025-06-09 02:44:43,901 services 12176 15492 새 액세스 토큰 발급 완료 - User ID: 11
INFO 2025-06-09 02:44:43,910 services 12176 15492 토큰 검증 시작 - Path: /
INFO 2025-06-09 02:44:43,911 services 12176 15492 액세스 토큰 존재: True
INFO 2025-06-09 02:44:43,912 services 12176 15492 리프레시 토큰 존재: True
INFO 2025-06-09 02:44:43,913 services 12176 15492 액세스 토큰 유효 - User ID: 11
INFO 2025-06-09 02:44:44,022 services 12176 15492 토큰 검증 시작 - Path: /.well-known/appspecific/com.chrome.devtools.json
INFO 2025-06-09 02:44:44,023 services 12176 15492 액세스 토큰 존재: True
INFO 2025-06-09 02:44:44,024 services 12176 15492 리프레시 토큰 존재: True
INFO 2025-06-09 02:44:44,024 services 12176 15492 액세스 토큰 유효 - User ID: 11
INFO 2025-06-09 02:44:55,453 services 12176 15492 토큰 검증 시작 - Path: /chatbot/
INFO 2025-06-09 02:44:55,454 services 12176 15492 액세스 토큰 존재: True
INFO 2025-06-09 02:44:55,455 services 12176 15492 리프레시 토큰 존재: True
INFO 2025-06-09 02:44:55,455 services 12176 15492 액세스 토큰 유효 - User ID: 11
INFO 2025-06-09 02:44:55,506 services 12176 15492 토큰 검증 시작 - Path: /chatbot/
INFO 2025-06-09 02:44:55,507 services 12176 15492 액세스 토큰 존재: True
INFO 2025-06-09 02:44:55,507 services 12176 15492 리프레시 토큰 존재: True
INFO 2025-06-09 02:44:55,508 services 12176 15492 액세스 토큰 유효 - User ID: 11
INFO 2025-06-09 02:44:55,575 services 12176 15492 토큰 검증 시작 - Path: /.well-known/appspecific/com.chrome.devtools.json
INFO 2025-06-09 02:44:55,575 services 12176 15492 액세스 토큰 존재: True
INFO 2025-06-09 02:44:55,576 services 12176 15492 리프레시 토큰 존재: True
INFO 2025-06-09 02:44:55,576 services 12176 15492 액세스 토큰 유효 - User ID: 11
INFO 2025-06-09 02:45:32,271 services 12176 15492 토큰 검증 시작 - Path: /user/logout/
INFO 2025-06-09 02:45:32,272 services 12176 15492 액세스 토큰 존재: True
INFO 2025-06-09 02:45:32,273 services 12176 15492 리프레시 토큰 존재: True
INFO 2025-06-09 02:45:32,274 services 12176 15492 액세스 토큰 유효 - User ID: 11
INFO 2025-06-09 02:45:32,337 services 12176 15492 토큰 검증 시작 - Path: /
INFO 2025-06-09 02:45:32,338 services 12176 15492 액세스 토큰 존재: False
INFO 2025-06-09 02:45:32,338 services 12176 15492 리프레시 토큰 존재: False
INFO 2025-06-09 02:45:32,338 services 12176 15492 홈 페이지 접근 - 토큰 없음
INFO 2025-06-09 02:45:38,198 services 12176 15492 토큰 검증 시작 - Path: /chatbot/
INFO 2025-06-09 02:45:38,198 services 12176 15492 액세스 토큰 존재: False
INFO 2025-06-09 02:45:38,199 services 12176 15492 리프레시 토큰 존재: False
WARNING 2025-06-09 02:45:38,200 services 12176 15492 액세스 토큰 없음
INFO 2025-06-09 02:45:40,223 services 12176 15492 토큰 검증 시작 - Path: /
INFO 2025-06-09 02:45:40,224 services 12176 15492 액세스 토큰 존재: False
INFO 2025-06-09 02:45:40,225 services 12176 15492 리프레시 토큰 존재: False
INFO 2025-06-09 02:45:40,225 services 12176 15492 홈 페이지 접근 - 토큰 없음
INFO 2025-06-09 02:45:40,687 services 12176 15492 토큰 검증 시작 - Path: /
INFO 2025-06-09 02:45:40,688 services 12176 15492 액세스 토큰 존재: False
INFO 2025-06-09 02:45:40,689 services 12176 15492 리프레시 토큰 존재: False
INFO 2025-06-09 02:45:40,689 services 12176 15492 홈 페이지 접근 - 토큰 없음
INFO 2025-06-09 02:45:42,261 services 12176 15492 토큰 검증 시작 - Path: /chatbot/
INFO 2025-06-09 02:45:42,261 services 12176 15492 액세스 토큰 존재: False
INFO 2025-06-09 02:45:42,262 services 12176 15492 리프레시 토큰 존재: False
WARNING 2025-06-09 02:45:42,262 services 12176 15492 액세스 토큰 없음
INFO 2025-06-09 02:45:44,623 services 12176 15492 토큰 검증 시작 - Path: /
INFO 2025-06-09 02:45:44,623 services 12176 15492 액세스 토큰 존재: False
INFO 2025-06-09 02:45:44,624 services 12176 15492 리프레시 토큰 존재: False
INFO 2025-06-09 02:45:44,625 services 12176 15492 홈 페이지 접근 - 토큰 없음
INFO 2025-06-09 02:45:45,868 services 12176 15492 토큰 검증 시작 - Path: /chatbot/
INFO 2025-06-09 02:45:45,869 services 12176 15492 액세스 토큰 존재: False
INFO 2025-06-09 02:45:45,869 services 12176 15492 리프레시 토큰 존재: False
WARNING 2025-06-09 02:45:45,870 services 12176 15492 액세스 토큰 없음
INFO 2025-06-09 02:45:47,143 services 12176 15492 토큰 검증 시작 - Path: /
INFO 2025-06-09 02:45:47,143 services 12176 15492 액세스 토큰 존재: False
INFO 2025-06-09 02:45:47,144 services 12176 15492 리프레시 토큰 존재: False
INFO 2025-06-09 02:45:47,145 services 12176 15492 홈 페이지 접근 - 토큰 없음
INFO 2025-06-09 02:45:52,650 services 12176 15492 토큰 검증 시작 - Path: /chatbot/
INFO 2025-06-09 02:45:52,651 services 12176 15492 액세스 토큰 존재: False
INFO 2025-06-09 02:45:52,652 services 12176 15492 리프레시 토큰 존재: False
WARNING 2025-06-09 02:45:52,653 services 12176 15492 액세스 토큰 없음
INFO 2025-06-09 02:45:56,752 services 12176 15492 토큰 검증 시작 - Path: /
INFO 2025-06-09 02:45:56,752 services 12176 15492 액세스 토큰 존재: False
INFO 2025-06-09 02:45:56,753 services 12176 15492 리프레시 토큰 존재: False
INFO 2025-06-09 02:45:56,754 services 12176 15492 홈 페이지 접근 - 토큰 없음
